[Licensing::Module] Trying to connect to existing licensing client channel...
Built from '6000.5/staging' branch; Version is '6000.5.10f1 (3bd4f66ad299) revision 3921142'; Using compiler version '194234433'; Build Type 'Release'
[Licensing::IpcConnector] Successfully connected to: "LicenseClient-chase" at "2026-09-05T20:08:17.4040969Z"
OS: 'Windows 11  (10.0.26200) Core' Language: 'en' Physical Memory: 32373 MB
BatchMode: 0, IsHumanControllingUs: 1, StartBugReporterOnCrash: 1, Is64bit: 1
System  architecture: x64
Process architecture: x64
Date: 2026-09-05T20:08:17Z

COMMAND LINE ARGUMENTS:
C:\Program Files\Unity\Hub\Editor\6000.5.10f1\Editor\Unity.exe
-projectpath
C:\Users\chase\Documents\Unity\Projects\Arch.OS
-acceptSoftwareTermsForThisRunOnly
-useHub
-hubIPC
-cloudEnvironment
production
-licensingIpc
LicenseClient-chase
-hubSessionId
e5db9895-0cf2-42ec-9fbf-ee8f6cb33e2e
-accessToken
fWG1PrZVYgr9iSohDenjaA9XS6WBbI_SyfCsnlIxGmA002f
Successfully changed project path to: C:\Users\chase\Documents\Unity\Projects\Arch.OS
C:/Users/chase/Documents/Unity/Projects/Arch.OS
[UnityMemory] Configuration Parameters - Can be set up in boot.config
    "memorysetup-temp-allocator-size-gi-baking-worker=262144"
    "memorysetup-temp-allocator-size-gi-baking-worker=262144"
    "memorysetup-temp-allocator-size-gi-baking-worker=262144"
    "memorysetup-temp-allocator-size-gi-baking-worker=262144"
    "memorysetup-temp-allocator-size-gi-baking-worker=262144"
    "memorysetup-temp-allocator-size-nav-mesh-worker=65536"
    "memorysetup-temp-allocator-size-audio-worker=65536"
    "memorysetup-temp-allocator-size-cloud-worker=32768"
    "memorysetup-temp-allocator-size-gfx=262144"
    "memorysetup-remapper-allocator-initial-capacity=32768"
    "memorysetup-temp-allocator-size-preload-manager=33554432"
    "memorysetup-allocator-temp-initial-block-size-main=262144"
    "memorysetup-allocator-temp-initial-block-size-worker=262144"
    "memorysetup-temp-allocator-size-job-worker=262144"
    "memorysetup-temp-allocator-size-background-worker=32768"
    "memorysetup-bucket-allocator-granularity=16"
    "memorysetup-bucket-allocator-bucket-count=8"
    "memorysetup-bucket-allocator-block-size=33554432"
    "memorysetup-bucket-allocator-block-count=8"
    "memorysetup-main-allocator-block-size=16777216"
    "memorysetup-thread-allocator-block-size=16777216"
    "memorysetup-main-allocator-mimalloc-enabled=0"
    "memorysetup-gfx-main-allocator-block-size=16777216"
    "memorysetup-gfx-thread-allocator-block-size=16777216"
    "memorysetup-cache-allocator-block-size=4194304"
    "memorysetup-typetree-allocator-block-size=2097152"
    "memorysetup-profiler-bucket-allocator-granularity=16"
    "memorysetup-profiler-bucket-allocator-bucket-count=8"
    "memorysetup-profiler-bucket-allocator-block-size=33554432"
    "memorysetup-profiler-bucket-allocator-block-count=8"
    "memorysetup-profiler-allocator-block-size=16777216"
    "memorysetup-profiler-editor-allocator-block-size=1048576"
    "memorysetup-temp-allocator-size-main=16777216"
    "memorysetup-job-temp-allocator-block-size=2097152"
    "memorysetup-job-temp-allocator-block-size-background=1048576"
    "memorysetup-job-temp-allocator-reduction-small-platforms=262144"
Player connection [28288]  Target information:

Player connection [28288]  * "[IP] 172.16.18.207 [Port] 55504 [Flags] 2 [Guid] 2244144427 [EditorId] 2244144427 [Version] 1048832 [Id] WindowsEditor(7,Wheatley) [Debug] 1 [PackageName] WindowsEditor [ProjectName] Editor" 

Player connection [28288] Host joined multi-casting on [225.0.0.222:54997]...
Player connection [28288] Host joined alternative multi-casting on [225.0.0.222:34997]...
Input System module state changed to: Initialized.
[Physics::Module] Initialized fallback backend.
[Physics::Module] Id: 0xdecafbad
[Package Manager] Connected to IPC stream "Upm-37684" after 0.3 seconds.
[Licensing::Module] Licensing is not yet initialized.
[Licensing::Client] Error: HandshakeResponse reported an error:
	ResponseCode: 505
	ResponseStatus: Unsupported protocol version '1.18.3'.
[Licensing::Module] Error: Failed to handshake to channel: "LicenseClient-chase"
[Licensing::IpcConnector] LicenseClient-chase channel disconnected successfully.
[Licensing::IpcConnector] Channel LicenseClient-chase-6000.5.10 doesn't exist
[Licensing::Module] Successfully launched the LicensingClient (PId: 35612)
Starting IPC server.
Waiting for clients to connect on \\.\pipe\Unity-LicenseClient-chase-6000.5.10, press Ctrl-C to exit.
[Licensing::IpcConnector] Successfully connected to: "LicenseClient-chase-6000.5.10" at "2026-09-05T20:08:19.2627926Z"
[Licensing::Client] Code 10 while verifying Licensing Client signature (process Id: 35612, path: "C:/Program Files/Unity/Hub/Editor/6000.5.10f1/Editor/Data/Resources/Licensing/Client/Unity.Licensing.Client.exe")
[Licensing::Module] LicensingClient has failed validation; ignoring
[Licensing::Client] Handshaking with LicensingClient:
  Version:                 1.18.3+d7ffd15
  Session Id:              f52951487e794086b8128d7ab6e01501
  Correlation Id:          f4f1d8f63933fc31c7a1fe26c22d00b3
  External correlation Id: 5842261313680298910
  Machine Id:              H+suz5fJxhr0liSVwHx7FH6k0so=
[Licensing::Module] Successfully connected to LicensingClient on channel: "LicenseClient-chase-6000.5.10" (connect: 0.25s, validation: 0.16s, handshake: 0.01s)
[Licensing::IpcConnector] Successfully connected to: "LicenseClient-chase-6000.5.10-notifications" at "2026-09-05T20:08:19.4314963Z"
[Licensing::Module] Connected to LicensingClient (PId: 35612, launch time: 0.00, total connection time: 0.41s)
[Licensing::Client] Successfully updated the access token
[Licensing::Module] Successfully updated the access token fWG1PrZVYg...
[Licensing::Client] Successfully resolved entitlement details
[Licensing::Module] License group:
  Id: 2476016361725-UnityPersXXXX
  Product: Unity Personal
  Type: Assigned
  Expiration: Unlimited
[Licensing::Client] Successfully updated license, isAsync: True, time: 0.01
[Licensing::Client] Successfully resolved entitlement details
[Licensing::Module] Licensing Background thread has ended after 2.06s
[Licensing::Module] Licensing is initialized (took 1.45s).
[Licensing::Client] Successfully resolved entitlement details
Library Redirect Path: Library/
[Physics::Module] Selected backend.
[Physics::Module] Name: PhysX
[Physics::Module] Id: 0xf2b8ea05
[Physics::Module] SDK Version: 4.1.2
[Physics::Module] Integration Version: 1.0.0
[Physics::Module] Threading Mode: Multi-Threaded
Artifact Garbage Collection - Removed 1 unused hashed content files
Initialize engine version: 6000.5.10f1 (3bd4f66ad299)
[Subsystems] Discovering subsystems at path C:/Program Files/Unity/Hub/Editor/6000.5.10f1/Editor/Data/Resources/UnitySubsystems
[Subsystems] Discovering subsystems at path C:/Users/chase/Documents/Unity/Projects/Arch.OS/Assets
GfxDevice: creating device client; kGfxThreadingModeThreaded
Direct3D:
    Version:  Direct3D 11.0 [level 11.1]
    Renderer: NVIDIA GeForce RTX 4050 Laptop GPU (ID=0x28e1)
    Vendor:   NVIDIA
    VRAM:     5920 MB
    Driver:   32.0.16.1088
Initialize mono
Mono path[0] = 'C:/Program Files/Unity/Hub/Editor/6000.5.10f1/Editor/Data/Managed'
Mono path[1] = 'C:/Program Files/Unity/Hub/Editor/6000.5.10f1/Editor/Data/BCLExtensions/runtime/netstandard2.1'
Mono path[2] = 'C:/Program Files/Unity/Hub/Editor/6000.5.10f1/Editor/Data/MonoBleedingEdge/lib/mono/unityjit-win32'
Mono config path = 'C:/Program Files/Unity/Hub/Editor/6000.5.10f1/Editor/Data/MonoBleedingEdge/etc'
Using monoOptions --debugger-agent=transport=dt_socket,embedding=1,server=y,suspend=n,address=127.0.0.1:56684
CodeReloadManager initialized
ImportWorker Server TCP listen port: 0
AcceleratorClientConnectionCallback - disconnected - :0
Begin MonoManager ReloadAssembly
Registering precompiled unity dll's ...
Register platform support module: C:/Program Files/Unity/Hub/Editor/6000.5.10f1/Editor/Data/PlaybackEngines/WindowsStandaloneSupport/UnityEditor.WindowsStandalone.Extensions.dll
Registered in 0.001742 seconds.
Native extension for WindowsStandalone target not found
Package Manager log level set to [2]
ScheduleIndexationOnStartup MainProcess:False IndexOnStartup:True
Mono: successfully reloaded assembly
- Finished resetting the current domain, in  0.504 seconds
Domain Reload Profiling: 1001ms
	BeginReloadAssembly (139ms)
		CreateAndSetChildDomain (13ms)
	RebuildCommonClasses (4ms)
	RebuildNativeTypeToScriptingClass (13ms)
	initialDomainReloadingComplete (59ms)
	LoadAllAssembliesAndSetupDomain (282ms)
		LoadAssemblies (121ms)
		AnalyzeDomain (213ms)
			TypeCache.Refresh (212ms)
				TypeCache.ScanAssembly (200ms)
	FinalizeReload (505ms)
		SetupLoadedEditorAssemblies (0ms)
			BeforeProcessingInitializeOnLoad (93ms)
			ProcessInitializeOnLoadAttributes (100ms)
			ProcessInitializeOnLoadMethodAttributes (250ms)
[Licensing::Client] Successfully resolved entitlement details
Application.AssetDatabase Initial Refresh Start
[Package Manager] Restoring resolved packages state from cache
[Licensing::Client] Successfully resolved entitlement details
[Package Manager] Registered 58 packages:
  Packages from [https://packages.unity.com]:
    com.unity.ai.navigation@2.0.14 (location: C:\Users\chase\Documents\Unity\Projects\Arch.OS\Library\PackageCache\com.unity.ai.navigation@134dd6a3b97b)
    com.unity.collab-proxy@2.13.6 (location: C:\Users\chase\Documents\Unity\Projects\Arch.OS\Library\PackageCache\com.unity.collab-proxy@4628d2ba6ea4)
    com.unity.ide.rider@3.0.38 (location: C:\Users\chase\Documents\Unity\Projects\Arch.OS\Library\PackageCache\com.unity.ide.rider@1f60b3138684)
    com.unity.ide.visualstudio@2.0.26 (location: C:\Users\chase\Documents\Unity\Projects\Arch.OS\Library\PackageCache\com.unity.ide.visualstudio@a99d56dec63f)
    com.unity.inputsystem@1.20.0 (location: C:\Users\chase\Documents\Unity\Projects\Arch.OS\Library\PackageCache\com.unity.inputsystem@7a4e1a2a8194)
    com.unity.nuget.newtonsoft-json@3.2.2 (location: C:\Users\chase\Documents\Unity\Projects\Arch.OS\Library\PackageCache\com.unity.nuget.newtonsoft-json@4dfd81071c64)
    com.unity.timeline@1.8.13 (location: C:\Users\chase\Documents\Unity\Projects\Arch.OS\Library\PackageCache\com.unity.timeline@3a22918286f5)
    com.unity.visualscripting@1.9.12 (location: C:\Users\chase\Documents\Unity\Projects\Arch.OS\Library\PackageCache\com.unity.visualscripting@4edfcc09512f)
    com.unity.searcher@4.9.5 (location: C:\Users\chase\Documents\Unity\Projects\Arch.OS\Library\PackageCache\com.unity.searcher@a463122f2c00)
    com.unity.burst@1.8.30 (location: C:\Users\chase\Documents\Unity\Projects\Arch.OS\Library\PackageCache\com.unity.burst@2f3d916873ea)
    com.unity.nuget.mono-cecil@1.11.6 (location: C:\Users\chase\Documents\Unity\Projects\Arch.OS\Library\PackageCache\com.unity.nuget.mono-cecil@ecb9724e46ff)
    com.unity.test-framework.performance@3.5.0 (location: C:\Users\chase\Documents\Unity\Projects\Arch.OS\Library\PackageCache\com.unity.test-framework.performance@8b56083ec0f0)
  Built-in packages:
    com.unity.multiplayer.center@1.0.1 (location: C:\Users\chase\Documents\Unity\Projects\Arch.OS\Library\PackageCache\com.unity.multiplayer.center@b860850997d0)
    com.unity.render-pipelines.universal@17.5.0 (location: C:\Users\chase\Documents\Unity\Projects\Arch.OS\Library\PackageCache\com.unity.render-pipelines.universal@d7774c218bdf)
    com.unity.test-framework@1.7.0 (location: C:\Users\chase\Documents\Unity\Projects\Arch.OS\Library\PackageCache\com.unity.test-framework@1405238725ab)
    com.unity.ugui@2.5.0 (location: C:\Users\chase\Documents\Unity\Projects\Arch.OS\Library\PackageCache\com.unity.ugui@1c4864518158)
    com.unity.modules.accessibility@1.0.0 (location: C:\Users\chase\Documents\Unity\Projects\Arch.OS\Library\PackageCache\com.unity.modules.accessibility)
    com.unity.modules.adaptiveperformance@1.0.0 (location: C:\Users\chase\Documents\Unity\Projects\Arch.OS\Library\PackageCache\com.unity.modules.adaptiveperformance)
    com.unity.modules.ai@1.0.0 (location: C:\Users\chase\Documents\Unity\Projects\Arch.OS\Library\PackageCache\com.unity.modules.ai)
    com.unity.modules.androidjni@1.0.0 (location: C:\Users\chase\Documents\Unity\Projects\Arch.OS\Library\PackageCache\com.unity.modules.androidjni)
    com.unity.modules.animation@1.0.0 (location: C:\Users\chase\Documents\Unity\Projects\Arch.OS\Library\PackageCache\com.unity.modules.animation)
    com.unity.modules.assetbundle@1.0.0 (location: C:\Users\chase\Documents\Unity\Projects\Arch.OS\Library\PackageCache\com.unity.modules.assetbundle)
    com.unity.modules.audio@1.0.0 (location: C:\Users\chase\Documents\Unity\Projects\Arch.OS\Library\PackageCache\com.unity.modules.audio)
    com.unity.modules.cloth@1.0.0 (location: C:\Users\chase\Documents\Unity\Projects\Arch.OS\Library\PackageCache\com.unity.modules.cloth)
    com.unity.modules.director@1.0.0 (location: C:\Users\chase\Documents\Unity\Projects\Arch.OS\Library\PackageCache\com.unity.modules.director)
    com.unity.modules.imageconversion@1.0.0 (location: C:\Users\chase\Documents\Unity\Projects\Arch.OS\Library\PackageCache\com.unity.modules.imageconversion)
    com.unity.modules.imgui@1.0.0 (location: C:\Users\chase\Documents\Unity\Projects\Arch.OS\Library\PackageCache\com.unity.modules.imgui)
    com.unity.modules.jsonserialize@1.0.0 (location: C:\Users\chase\Documents\Unity\Projects\Arch.OS\Library\PackageCache\com.unity.modules.jsonserialize)
    com.unity.modules.particlesystem@1.0.0 (location: C:\Users\chase\Documents\Unity\Projects\Arch.OS\Library\PackageCache\com.unity.modules.particlesystem)
    com.unity.modules.physics@1.0.0 (location: C:\Users\chase\Documents\Unity\Projects\Arch.OS\Library\PackageCache\com.unity.modules.physics)
    com.unity.modules.physics2d@1.0.0 (location: C:\Users\chase\Documents\Unity\Projects\Arch.OS\Library\PackageCache\com.unity.modules.physics2d)
    com.unity.modules.physicscore2d@1.0.0 (location: C:\Users\chase\Documents\Unity\Projects\Arch.OS\Library\PackageCache\com.unity.modules.physicscore2d)
    com.unity.modules.screencapture@1.0.0 (location: C:\Users\chase\Documents\Unity\Projects\Arch.OS\Library\PackageCache\com.unity.modules.screencapture)
    com.unity.modules.terrain@1.0.0 (location: C:\Users\chase\Documents\Unity\Projects\Arch.OS\Library\PackageCache\com.unity.modules.terrain)
    com.unity.modules.terrainphysics@1.0.0 (location: C:\Users\chase\Documents\Unity\Projects\Arch.OS\Library\PackageCache\com.unity.modules.terrainphysics)
    com.unity.modules.tilemap@1.0.0 (location: C:\Users\chase\Documents\Unity\Projects\Arch.OS\Library\PackageCache\com.unity.modules.tilemap)
    com.unity.modules.ui@1.0.0 (location: C:\Users\chase\Documents\Unity\Projects\Arch.OS\Library\PackageCache\com.unity.modules.ui)
    com.unity.modules.uielements@1.0.0 (location: C:\Users\chase\Documents\Unity\Projects\Arch.OS\Library\PackageCache\com.unity.modules.uielements)
    com.unity.modules.umbra@1.0.0 (location: C:\Users\chase\Documents\Unity\Projects\Arch.OS\Library\PackageCache\com.unity.modules.umbra)
    com.unity.modules.unityanalytics@1.0.0 (location: C:\Users\chase\Documents\Unity\Projects\Arch.OS\Library\PackageCache\com.unity.modules.unityanalytics)
    com.unity.modules.unitywebrequest@1.0.0 (location: C:\Users\chase\Documents\Unity\Projects\Arch.OS\Library\PackageCache\com.unity.modules.unitywebrequest)
    com.unity.modules.unitywebrequestassetbundle@1.0.0 (location: C:\Users\chase\Documents\Unity\Projects\Arch.OS\Library\PackageCache\com.unity.modules.unitywebrequestassetbundle)
    com.unity.modules.unitywebrequestaudio@1.0.0 (location: C:\Users\chase\Documents\Unity\Projects\Arch.OS\Library\PackageCache\com.unity.modules.unitywebrequestaudio)
    com.unity.modules.unitywebrequesttexture@1.0.0 (location: C:\Users\chase\Documents\Unity\Projects\Arch.OS\Library\PackageCache\com.unity.modules.unitywebrequesttexture)
    com.unity.modules.unitywebrequestwww@1.0.0 (location: C:\Users\chase\Documents\Unity\Projects\Arch.OS\Library\PackageCache\com.unity.modules.unitywebrequestwww)
    com.unity.modules.vectorgraphics@1.0.0 (location: C:\Users\chase\Documents\Unity\Projects\Arch.OS\Library\PackageCache\com.unity.modules.vectorgraphics)
    com.unity.modules.vehicles@1.0.0 (location: C:\Users\chase\Documents\Unity\Projects\Arch.OS\Library\PackageCache\com.unity.modules.vehicles)
    com.unity.modules.video@1.0.0 (location: C:\Users\chase\Documents\Unity\Projects\Arch.OS\Library\PackageCache\com.unity.modules.video)
    com.unity.modules.wind@1.0.0 (location: C:\Users\chase\Documents\Unity\Projects\Arch.OS\Library\PackageCache\com.unity.modules.wind)
    com.unity.modules.xr@1.0.0 (location: C:\Users\chase\Documents\Unity\Projects\Arch.OS\Library\PackageCache\com.unity.modules.xr)
    com.unity.modules.subsystems@1.0.0 (location: C:\Users\chase\Documents\Unity\Projects\Arch.OS\Library\PackageCache\com.unity.modules.subsystems)
    com.unity.modules.hierarchycore@1.0.0 (location: C:\Users\chase\Documents\Unity\Projects\Arch.OS\Library\PackageCache\com.unity.modules.hierarchycore)
    com.unity.ext.nunit@2.1.0 (location: C:\Users\chase\Documents\Unity\Projects\Arch.OS\Library\PackageCache\com.unity.ext.nunit@44f7d31723bd)
    com.unity.render-pipelines.core@17.5.0 (location: C:\Users\chase\Documents\Unity\Projects\Arch.OS\Library\PackageCache\com.unity.render-pipelines.core@bbba1f0c681e)
    com.unity.shadergraph@17.5.0 (location: C:\Users\chase\Documents\Unity\Projects\Arch.OS\Library\PackageCache\com.unity.shadergraph@8d7376ec43ee)
    com.unity.render-pipelines.universal-config@17.5.0 (location: C:\Users\chase\Documents\Unity\Projects\Arch.OS\Library\PackageCache\com.unity.render-pipelines.universal-config@fdda01c80fe3)
    com.unity.collections@6.5.0 (location: C:\Users\chase\Documents\Unity\Projects\Arch.OS\Library\PackageCache\com.unity.collections@ec2c217e4cb2)
    com.unity.mathematics@1.4.0 (location: C:\Users\chase\Documents\Unity\Projects\Arch.OS\Library\PackageCache\com.unity.mathematics@981956d94fb6)
[Subsystems] No new subsystems found in resolved package list.
[Package Manager] Done registering packages in 0.01 seconds
info: Microsoft.Hosting.Lifetime[14]
      Now listening on: http://localhost:80
info: Microsoft.Hosting.Lifetime[0]
      Application started. Press Ctrl+C to shut down.
info: Microsoft.Hosting.Lifetime[0]
      Hosting environment: Production
info: Microsoft.Hosting.Lifetime[0]
      Content root path: C:\Users\chase\Documents\Unity\Projects\Arch.OS
info: Microsoft.AspNetCore.Hosting.Diagnostics[1]
      Request starting HTTP/2 POST http://ilpp/UnityILPP.PostProcessing/Ping - application/grpc -
info: Microsoft.AspNetCore.Routing.EndpointMiddleware[0]
      Executing endpoint 'gRPC - /UnityILPP.PostProcessing/Ping'
info: Microsoft.AspNetCore.Routing.EndpointMiddleware[1]
      Executed endpoint 'gRPC - /UnityILPP.PostProcessing/Ping'
info: Microsoft.AspNetCore.Hosting.Diagnostics[2]
      Request finished HTTP/2 POST http://ilpp/UnityILPP.PostProcessing/Ping - 200 - application/grpc 22.5144ms
Starting: C:\Program Files\Unity\Hub\Editor\6000.5.10f1\Editor\Data\Tools\BuildPipeline\bee_backend.exe --ipc --defer-dag-verification --dagfile="Library/Bee/1900b0aE.dag" --continue-on-failure --profile="Library/Bee/backend1.traceevents" ScriptAssemblies
WorkingDir: C:/Users/chase/Documents/Unity/Projects/Arch.OS
info: Microsoft.AspNetCore.Hosting.Diagnostics[1]
      Request starting HTTP/2 POST http://ilpp/UnityILPP.PostProcessing/ConfigurePostProcessors - application/grpc -
info: Microsoft.AspNetCore.Routing.EndpointMiddleware[0]
      Executing endpoint 'gRPC - /UnityILPP.PostProcessing/ConfigurePostProcessors'
warn: Unity.ILPP.Runner.PostProcessingAssemblyLoadContext[0]
      Assembly system.runtime.interopservices.windowsruntime has duplicate hint path. Ignoring "C:\Program Files\Unity\Hub\Editor\6000.5.10f1\Editor\Data\UnityReferenceAssemblies\unity-4.8-api\Facades\System.Runtime.InteropServices.WindowsRuntime.dll" in favor of "C:\Program Files\Unity\Hub\Editor\6000.5.10f1\Editor\Data\NetStandard\Extensions\2.0.0\System.Runtime.InteropServices.WindowsRuntime.dll"
warn: Unity.ILPP.Runner.PostProcessingAssemblyLoadContext[0]
      Assembly system.componentmodel.composition has duplicate hint path. Ignoring "C:\Program Files\Unity\Hub\Editor\6000.5.10f1\Editor\Data\UnityReferenceAssemblies\unity-4.8-api\System.ComponentModel.Composition.dll" in favor of "C:\Program Files\Unity\Hub\Editor\6000.5.10f1\Editor\Data\NetStandard\compat\2.1.0\shims\netfx\System.ComponentModel.Composition.dll"
info: Unity.ILPP.Runner.PostProcessingAssemblyLoadContext[0]
      Resolved Unity.Burst.Cecil, Version=0.11.6.0, Culture=neutral, PublicKeyToken=50cebf1cceb9d05e with Library\PackageCache\com.unity.burst@2f3d916873ea\Unity.Burst.CodeGen\Unity.Burst.Cecil.dll
info: Unity.ILPP.Runner.PostProcessingAssemblyLoadContext[0]
      Resolved Mono.Cecil, Version=0.11.5.0, Culture=neutral, PublicKeyToken=50cebf1cceb9d05e with Library\PackageCache\com.unity.nuget.mono-cecil@ecb9724e46ff\Mono.Cecil.dll
info: Microsoft.AspNetCore.Routing.EndpointMiddleware[1]
      Executed endpoint 'gRPC - /UnityILPP.PostProcessing/ConfigurePostProcessors'
info: Microsoft.AspNetCore.Hosting.Diagnostics[2]
      Request finished HTTP/2 POST http://ilpp/UnityILPP.PostProcessing/ConfigurePostProcessors - 200 - application/grpc 362.9817ms
ExitCode: 0 Duration: 0s649ms
[730/926    0s] ILPP-Configuration Library/ilpp-configuration.nevergeneratedoutput
*** Tundra build success (0.62 seconds), 1 items updated, 926 evaluated
AssetDatabase: script compilation time: 0.991668s
Begin MonoManager ReloadAssembly
Total cache size 66086520
Total cache size after purge 66086520, took 00:00:00.0809820
Symbol file LoadedFromMemory is not a mono symbol file
Native extension for WindowsStandalone target not found
ScheduleIndexationOnStartup MainProcess:True IndexOnStartup:True
Mono: successfully reloaded assembly
- Finished resetting the current domain, in  2.547 seconds
Domain Reload Profiling: 3316ms
	BeginReloadAssembly (199ms)
		DisableScriptedObjects (24ms)
		CreateAndSetChildDomain (40ms)
	RebuildCommonClasses (7ms)
	RebuildNativeTypeToScriptingClass (12ms)
	initialDomainReloadingComplete (50ms)
	LoadAllAssembliesAndSetupDomain (501ms)
		LoadAssemblies (302ms)
		AnalyzeDomain (196ms)
			TypeCache.Refresh (134ms)
				TypeCache.ScanAssembly (123ms)
			BuildScriptInfoCaches (54ms)
			ResolveRequiredComponents (6ms)
	FinalizeReload (2547ms)
		SetupLoadedEditorAssemblies (0ms)
			BeforeProcessingInitializeOnLoad (72ms)
			ProcessInitializeOnLoadAttributes (1962ms)
			ProcessInitializeOnLoadMethodAttributes (188ms)
			AfterProcessingInitializeOnLoad (7ms)
		AwakeInstancesAfterBackupRestoration (32ms)
Starting new worker id: 0 with log in C:/Users/chase/Documents/Unity/Projects/Arch.OS/Logs/AssetImportWorkerHW0.log

Asset Pipeline Refresh (id=2edd7c3ec8f3aec4dbf4506eaf17ed8b): Total: 5.120 seconds - Initiated by InitialRefreshV2(ForceSynchronousImport)
	(Values over 0.05ms)
	Summary:
		Imports: total=0 (actual=0, local cache=0, cache server=0)
		Asset DB Process Time: managed=0 ms, native=3209 ms
		Asset DB Callback time: managed=31 ms, native=14 ms
		Scripting: domain reloads=1, domain reload time=819 ms, compile time=994 ms, other=50 ms
		Project Asset Count: scripts=1404, non-scripts=2492
		Asset File Changes: new=0, changed=0, moved=0, deleted=0
		Scan Filter Count: 0
	InvokePackagesCallback: 16.417ms
	ApplyChangesToAssetFolders: 0.539ms
	Scan: 305.225ms
	Collect global state as custom dependencies: 19.337ms
	CategorizeScriptCompilationAssets: 36.240ms
	ProcessAssetsWithTransientArtifactChanges: 58.602ms
	CategorizeAssets: 47.188ms
	CompileScripts: 993.707ms
	ImportOutOfDateAssets: 2634.170ms (2564.489ms without children)
		UnloadImportedAssets: 0.672ms
		EnsureUptoDateAssetsAreRegisteredWithGuidPM: 0.531ms
		ImportSchedulerStart: 68.438ms
	PostProcessAllAssets: 31.385ms
		MonoPostProcessAllAssets: 31.330ms
			UniversalRenderPipelineGlobalSettingsPostprocessor.OnPostprocessAllAssets 10.550ms
			SyncVS.PostprocessSyncProject 3.077ms
			WindowAssetPostprocessingWatcher.OnPostprocessAllAssets 1.969ms
			SpeedTree9Postprocessor.OnPostprocessAllAssets 1.895ms
			EditModeScopePostprocessor.OnPostprocessAllAssets 0.954ms
			RenderPipelineGlobalSettingsPostprocessor.OnPostprocessAllAssets 0.711ms
			ReferencedClipsPostProcessor.OnPostprocessAllAssets 0.441ms
			ShaderReflectionAssetPostProcessor.OnPostprocessAllAssets 0.355ms
			InputActionAssetPostprocessor.OnPostprocessAllAssets 0.297ms
			AssetDatabaseCallbacks.OnPostprocessAllAssets 0.248ms
			ProjectSettingsPostprocessor.OnPostprocessAllAssets 0.196ms
			TerrainToolbarOverlayPostProcessor.OnPostprocessAllAssets 0.195ms
	UnloadStreamsBegin: 2.666ms
	PersistCurrentRevisions: 0.117ms
	GenerateScriptTypeHashes: 1.717ms
	GenerateScriptTypeSerializationHashes: 3.282ms
	Untracked: 969.449ms

Application.AssetDatabase Initial Refresh End
Launched and connected shader compiler UnityShaderCompiler.exe after 0.01 seconds
Scanning for USB devices : 1.886ms
Initializing Unity extensions:
[MODES] ModeService[none].Initialize
[MODES] ModeService[none].LoadModes
[MODES] Loading mode Default (0) for mode-current-id-ArchOS
Unloading 26 Unused Serialized files (Serialized files now loaded: 0)
Loaded scene 'Assets/Scenes/Architecture.unity'
	Deserialize:            9.269 ms
	Integration:            404.430 ms
	Integration of assets:  2.529 ms
	Thread Wait Time:       0.030 ms
	Total Operation Time:   416.258 ms
Unloading 6716 unused Assets / (7.8 MB). Loaded Objects now: 7932.
Memory consumption went from 429.3 MB to 421.6 MB.
Total: 12.866400 ms (FindLiveObjects: 0.803200 ms CreateObjectMapping: 0.812100 ms MarkObjects: 6.374900 ms  DeleteObjects: 4.872500 ms)

[LAYOUT] About to load UserSettings\Layouts\default-6000.dwlt, keepMainWindow=False
Worker ready: AssetImportWorkerHW0 0
[LAYOUT] About to save layout C:\Users\chase\Documents\Unity\Projects\Arch.OS\UserSettings\Layouts\default-6000.dwlt
[LAYOUT] About to save layout C:/Users/chase/AppData/Roaming/Unity/Editor-5.x/Preferences\Layouts\current\default-6000.dwlt
[MODES] ModeService[default].InitializeCurrentMode
[MODES] ModeService[default].RaiseModeChanged(default, default)
<RI> Initializing input.
Using Windows.Gaming.Input
[Project] Loading completed in 11.003 seconds
	Project init time: 				9.153 seconds
		Template init time: 		0.000 seconds
		Package Manager init time: 		1.705 seconds
		Asset Database init time: 		0.297 seconds
		Global illumination init time: 	0.002 seconds
		Assemblies load time: 			1.037 seconds
		Unity extensions init time: 	0.039 seconds
		Asset Database refresh time: 	5.120 seconds
	Scene opening time: 			1.662 seconds
##utp:{"type":"ProjectInfo","version":2,"phase":"Immediate","time":1788638908398,"processId":37684,"projectLoad":11.003058300000001,"projectInit":9.1527276,"templateInit":0.0,"packageManagerInit":1.7046633,"assetDatabaseInit":0.2967251,"globalIlluminationInit":0.0024177,"assembliesLoad":1.0368039,"unityExtensionsInit":0.0385963,"assetDatabaseRefresh":5.1201692,"sceneOpening":1.6622723}
##utp:{"type":"EditorInfo","version":2,"phase":"Immediate","time":1788638908398,"processId":37684,"editorVersion":"6000.5.10f1 (3bd4f66ad299)","branch":"6000.5/staging","buildType":"Release","platform":"Windows"}
Asset Pipeline Refresh (id=49749b04be07b9d40bab3225736c7b2d): Total: 0.075 seconds - Initiated by RefreshV2(AllowForceSynchronousImport)
Created GICache directory at C:/Users/chase/AppData/LocalLow/Unity/Caches/GiCache. Took: 0.017s, timestamps: [12.300 - 12.316]
[Licensing::Client] Successfully resolved entitlement details
[Licensing::Client] Successfully updated the access token
[Licensing::Module] Successfully updated access token: "fWG1PrZV"... (expires: 2026-09-05T21:42:06Z)
[Licensing::Client] Successfully resolved entitlement details
[Licensing::Client] Successfully resolved entitlement details
UPID Received 'b75b16e9-a135-4e0e-9f49-95d8c9ef6317'.
[Licensing::Client] Successfully resolved entitlement details
Asset Pipeline Refresh (id=58a4a82b3f9fce749a8f88eb72d09771): Total: 0.003 seconds - Initiated by RefreshV2(AllowForceSynchronousImport)
Start Indexing on Editor startup
[Indexing] Starting Initial Indexing for Assets
Starting new worker id: 1 with log in C:/Users/chase/Documents/Unity/Projects/Arch.OS/Logs/AssetImportWorkerHW1.log
[Worker0] Imported GUID: 8a6743ab23ae93e489ace810cf90b94d - Path: Assets/Scenes/Architecture.unity - Importer: ScriptedImporter/UnityEditor.QuickSearchModule:UnityEditor.Search:ASIAI0B -> (ImportResultId: '19a38772474b236c0b39a38022445304') in 0.0758284 seconds
Worker ready: AssetImportWorkerHW1 1
[Worker0] Imported GUID: 51a38b8021924b44abef46d5f0bb1ba5 - Path: Assets/_ArchOS/Scripts/ScriptableObjects/ProgramSO.cs - Importer: PreviewImporter -> (ImportResultId: '42699e20ec8785cd4c2078a5ded4b783') in 0.0097317 seconds
[Worker0] Imported GUID: 3d49d08c961e1b0438ba56fc69e59f03 - Path: Assets/_ArchOS/Scripts/ScriptableObjects/ItemSO.cs - Importer: PreviewImporter -> (ImportResultId: 'db733473fcca756c547772341d10b3cd') in 0.00813 seconds
TrimDiskCacheJob: Current cache size 0mb
Asset Pipeline Refresh (id=5668ecb1f3d1bfb4f8bf8703a1ad8c90): Total: 0.012 seconds - Initiated by RefreshV2(AllowForceSynchronousImport)
[Worker0] Imported GUID: c1d2fc3e890bf774b9dc09757c473e52 - Path: Assets/_ArchOS/Scripts/ScriptableObjects/BlackICESO.cs - Importer: PreviewImporter -> (ImportResultId: '3fa725e13e141f33da37bf8bbe4850af') in 0.0095869 seconds
[Worker0] Imported GUID: 87f5f5886e8ac284ab97fe8597e3511c - Path: Assets/_ArchOS/Data - Importer: PreviewImporter -> (ImportResultId: '4498138b24b2c301442e18a84904980e') in 0.011942 seconds
Asset Pipeline Refresh (id=c8afa726da6f3614295a6e6d0fdd2581): Total: 0.004 seconds - Initiated by RefreshV2(AllowForceSynchronousImport)
Importing 'GUID: a532fe4c8cd1da147aee7f092f7a921b - Path: Assets/_ArchOS/Data/Items' with importer (DefaultImporter)
Imported 'GUID: a532fe4c8cd1da147aee7f092f7a921b' -> (Import Result ID: '9d5689539eb0d1b34f4adc9fe65cda07') in 0.006 seconds [static dependencies only]. Details - ImportResultOutputID=d61d2c55ebe013105829ea0387f21573 DependenciesID=ec0e866ef5af39279d23dca776c21d8c StaticDependenciesID=1b285f2dd20b8ae393d5f3614f61e1a7 
Asset Pipeline Refresh (id=e78c638c0bb5e2c489c63063c6a6e635): Total: 0.137 seconds - Initiated by StopAssetImportingV2(NoUpdateAssetOptions)
[Worker0] Imported GUID: a532fe4c8cd1da147aee7f092f7a921b - Path: Assets/_ArchOS/Data/Items - Importer: PreviewImporter -> (ImportResultId: 'f37aa4999d03d49842eaacb06a513d2c') in 0.0089232 seconds
[Worker0] Imported GUID: a532fe4c8cd1da147aee7f092f7a921b - Path: Assets/_ArchOS/Data/Items - Importer: ScriptedImporter/UnityEditor.QuickSearchModule:UnityEditor.Search:ASIAI0B -> (ImportResultId: '0720cfcdd98ccd3ce14df5b319f39218') in 0.0108614 seconds
Request Asset Garbage Collect because used heap size increased from 422.2 MB to 0.66 GB, exceeding the threshold of 256.0 MB.
Unloading 2 Unused Serialized files (Serialized files now loaded: 0)
Unloading 115 unused Assets / (17.1 MB). Loaded Objects now: 9008.
Memory consumption went from 0.66 GB to 0.65 GB.
Total: 15.681200 ms (FindLiveObjects: 0.428800 ms CreateObjectMapping: 0.207600 ms MarkObjects: 11.309400 ms  DeleteObjects: 3.734200 ms)

Asset Pipeline Refresh (id=dd6fb93a3f08ac74885c49df6bcf51d3): Total: 0.012 seconds - Initiated by RefreshV2(AllowForceSynchronousImport)
Importing 'GUID: 99dbf74035ce8724e82e3c613796f91c - Path: Assets/_ArchOS/Data/Items/Eraser.asset' with importer (NativeFormatImporter)
Imported 'GUID: 99dbf74035ce8724e82e3c613796f91c' -> (Import Result ID: '0c32b602d535f965da92b9c5ba20637c') in 0.001 seconds [static dependencies only]. Details - ImportResultOutputID=82c0673c035dc85e29076b93393ee241 DependenciesID=3af57d2c2c76e72cce57630f8fc259d7 StaticDependenciesID=b6587037d4bf6ce25866eef5e21c60ee 
Refreshing native plugins compatible for Editor in 2.31 ms, found 4 plugins.
Asset Pipeline Refresh (id=000168fce9f603c4f84c5a81f0f34672): Total: 0.069 seconds - Initiated by StopAssetImportingV2(NoUpdateAssetOptions)
Importing 'GUID: 99dbf74035ce8724e82e3c613796f91c - Path: Assets/_ArchOS/Data/Items/Eraser.asset' with importer (NativeFormatImporter)
Imported 'GUID: 99dbf74035ce8724e82e3c613796f91c' -> (Import Result ID: '0c32b602d535f965da92b9c5ba20637c') in 0.001 seconds [static dependencies only]. Details - ImportResultOutputID=82c0673c035dc85e29076b93393ee241 DependenciesID=3af57d2c2c76e72cce57630f8fc259d7 StaticDependenciesID=b6587037d4bf6ce25866eef5e21c60ee 
Asset Pipeline Refresh (id=a910bee30d282504ba6ba262d3056ee2): Total: 0.043 seconds - Initiated by StopAssetImportingV2(NoUpdateAssetOptions)
[Worker0] Imported GUID: 99dbf74035ce8724e82e3c613796f91c - Path: Assets/_ArchOS/Data/Items/Eraser.asset - Importer: PreviewImporter -> (ImportResultId: '5a317d7fe5333cce5a2653b08523af1f') in 0.0272566 seconds
[Worker0] Imported GUID: 99dbf74035ce8724e82e3c613796f91c - Path: Assets/_ArchOS/Data/Items/Eraser.asset - Importer: ScriptedImporter/UnityEditor.QuickSearchModule:UnityEditor.Search:ASIAI0B -> (ImportResultId: '474fb80dcfc7a2c03d1c77b30857b546') in 0.0380108 seconds
Importing 'GUID: 99dbf74035ce8724e82e3c613796f91c - Path: Assets/_ArchOS/Data/Items/Eraser.asset' with importer (NativeFormatImporter)
Imported 'GUID: 99dbf74035ce8724e82e3c613796f91c' -> (Import Result ID: '39bf1ef7c68a5c6857e2bc99a2fe002d') in 0.001 seconds [static dependencies only]. Details - ImportResultOutputID=82c0673c035dc85e29076b93393ee241 DependenciesID=697e275684cfa760c56ac426184b5a10 StaticDependenciesID=beef79bab94dab30d2f2d08800b68e9f 
Asset Pipeline Refresh (id=cd4b92d5133cb0e429d735c64c241a87): Total: 0.057 seconds - Initiated by StopAssetImportingV2(NoUpdateAssetOptions)
[Worker0] Imported GUID: 99dbf74035ce8724e82e3c613796f91c - Path: Assets/_ArchOS/Data/Items/Eraser.asset - Importer: PreviewImporter -> (ImportResultId: '7903e364b552a8d8b3a80389640809ef') in 0.008979 seconds
[Worker0] Imported GUID: 99dbf74035ce8724e82e3c613796f91c - Path: Assets/_ArchOS/Data/Items/Eraser.asset - Importer: ScriptedImporter/UnityEditor.QuickSearchModule:UnityEditor.Search:ASIAI0B -> (ImportResultId: 'a70d369bbd18dcce7f735ef112c0b12b') in 0.0149606 seconds
Importing 'GUID: 901de443dbcd23d45a0c182adad8b843 - Path: Assets/_ArchOS/Data/Items/Imp.asset' with importer (NativeFormatImporter)
Imported 'GUID: 901de443dbcd23d45a0c182adad8b843' -> (Import Result ID: 'd9301412d6747ccb406671e6cacbd261') in 0.001 seconds [static dependencies only]. Details - ImportResultOutputID=81a3bd6b412da287c3fe3f199e6358ea DependenciesID=b1c554c25b39a0d546ddfd75de40ce29 StaticDependenciesID=41054ebdb8c3b43c4c7b9c61bbce4c14 
Asset Pipeline Refresh (id=4bc1f0766781a0c489291f5aba38c175): Total: 0.062 seconds - Initiated by StopAssetImportingV2(NoUpdateAssetOptions)
Importing 'GUID: 901de443dbcd23d45a0c182adad8b843 - Path: Assets/_ArchOS/Data/Items/Imp.asset' with importer (NativeFormatImporter)
Imported 'GUID: 901de443dbcd23d45a0c182adad8b843' -> (Import Result ID: 'd9301412d6747ccb406671e6cacbd261') in 0.001 seconds [static dependencies only]. Details - ImportResultOutputID=81a3bd6b412da287c3fe3f199e6358ea DependenciesID=b1c554c25b39a0d546ddfd75de40ce29 StaticDependenciesID=41054ebdb8c3b43c4c7b9c61bbce4c14 
Asset Pipeline Refresh (id=5eef3892612099e46883a69159dbbf2c): Total: 0.046 seconds - Initiated by StopAssetImportingV2(NoUpdateAssetOptions)
[Worker0] Imported GUID: 901de443dbcd23d45a0c182adad8b843 - Path: Assets/_ArchOS/Data/Items/Imp.asset - Importer: PreviewImporter -> (ImportResultId: 'e0ce221e7a2032e8ef4041e03a3c57db') in 0.0084397 seconds
[Worker0] Imported GUID: 901de443dbcd23d45a0c182adad8b843 - Path: Assets/_ArchOS/Data/Items/Imp.asset - Importer: ScriptedImporter/UnityEditor.QuickSearchModule:UnityEditor.Search:ASIAI0B -> (ImportResultId: 'd723d29bd683e9d46825b646463fbfa0') in 0.0139277 seconds
[Licensing::Client] Successfully resolved entitlement details
[ScriptCompilation] Requested script compilation because: AssetDatabase observed changes in script compilation related files
Asset Pipeline Refresh (id=cffa27fcacbabc6429c8c2ef9e7bf02e): Total: 0.085 seconds - Initiated by RefreshV2(NoUpdateAssetOptions)
[Worker0] Imported GUID: 7d6aeb6385461c54caa6b611d569c2dc - Path: Assets/_ArchOS/Scripts/ScriptableObjects/DemonSO.cs - Importer: ScriptedImporter/UnityEditor.QuickSearchModule:UnityEditor.Search:ASIAI0B -> (ImportResultId: '354089268bc24e335a54a85228698957') in 0.0227971 seconds
[ScriptCompilation] Requested script compilation because: AssetDatabase observed changes in script compilation related files
Asset Pipeline Refresh (id=4b0e31beb276a774ba855f0a2f0e90f4): Total: 0.085 seconds - Initiated by RefreshV2(NoUpdateAssetOptions)
[Worker0] Imported GUID: 7d6aeb6385461c54caa6b611d569c2dc - Path: Assets/_ArchOS/Scripts/ScriptableObjects/DemonSO.cs - Importer: ScriptedImporter/UnityEditor.QuickSearchModule:UnityEditor.Search:ASIAI0B -> (ImportResultId: 'bc43168876c3f5450e41224d1667252a') in 0.0144096 seconds
[ScriptCompilation] Requested script compilation because: AssetDatabase observed changes in script compilation related files
Refreshing native plugins compatible for Editor in 2.07 ms, found 4 plugins.
Asset Pipeline Refresh (id=57b517b3d1b99a549a1b7bf81f6e2959): Total: 0.078 seconds - Initiated by RefreshV2(NoUpdateAssetOptions)
[Worker0] Imported GUID: 7d6aeb6385461c54caa6b611d569c2dc - Path: Assets/_ArchOS/Scripts/ScriptableObjects/DemonSO.cs - Importer: ScriptedImporter/UnityEditor.QuickSearchModule:UnityEditor.Search:ASIAI0B -> (ImportResultId: '2403207f291e0157e95a95866ac12ca8') in 0.015795 seconds
[ScriptCompilation] Requested script compilation because: AssetDatabase observed changes in script compilation related files
Asset Pipeline Refresh (id=ca52ff4c5a3219644ad28d1c0394dcdb): Total: 0.082 seconds - Initiated by RefreshV2(NoUpdateAssetOptions)
[Worker0] Imported GUID: 7d6aeb6385461c54caa6b611d569c2dc - Path: Assets/_ArchOS/Scripts/ScriptableObjects/DemonSO.cs - Importer: ScriptedImporter/UnityEditor.QuickSearchModule:UnityEditor.Search:ASIAI0B -> (ImportResultId: '4a9b6451137eee4c3c421fe88851e18c') in 0.0126271 seconds
[ScriptCompilation] Requested script compilation because: AssetDatabase observed changes in script compilation related files
Refreshing native plugins compatible for Editor in 4.54 ms, found 4 plugins.
Asset Pipeline Refresh (id=20408a527c492b64fbf5fbb0a7dd5c43): Total: 0.078 seconds - Initiated by RefreshV2(NoUpdateAssetOptions)
[Worker0] Imported GUID: 7d6aeb6385461c54caa6b611d569c2dc - Path: Assets/_ArchOS/Scripts/ScriptableObjects/DemonSO.cs - Importer: ScriptedImporter/UnityEditor.QuickSearchModule:UnityEditor.Search:ASIAI0B -> (ImportResultId: '602d946b3d74eb8edbf62efcd3cfffcb') in 0.0174287 seconds
[ScriptCompilation] Requested script compilation because: AssetDatabase observed changes in script compilation related files
Asset Pipeline Refresh (id=a2222ad69b7c2af40ac31a94dcf7ad11): Total: 0.072 seconds - Initiated by RefreshV2(NoUpdateAssetOptions)
[Worker0] Imported GUID: 7d6aeb6385461c54caa6b611d569c2dc - Path: Assets/_ArchOS/Scripts/ScriptableObjects/DemonSO.cs - Importer: ScriptedImporter/UnityEditor.QuickSearchModule:UnityEditor.Search:ASIAI0B -> (ImportResultId: '3b1f374998e7b9336370bc0d0c7f9747') in 0.0145351 seconds
[Licensing::Client] Successfully resolved entitlement details
info: Microsoft.AspNetCore.Hosting.Diagnostics[1]
      Request starting HTTP/2 POST http://ilpp/UnityILPP.PostProcessing/Ping - application/grpc -
info: Microsoft.AspNetCore.Routing.EndpointMiddleware[0]
      Executing endpoint 'gRPC - /UnityILPP.PostProcessing/Ping'
info: Microsoft.AspNetCore.Routing.EndpointMiddleware[1]
      Executed endpoint 'gRPC - /UnityILPP.PostProcessing/Ping'
info: Microsoft.AspNetCore.Hosting.Diagnostics[2]
      Request finished HTTP/2 POST http://ilpp/UnityILPP.PostProcessing/Ping - 200 - application/grpc 0.6474ms
Starting: C:\Program Files\Unity\Hub\Editor\6000.5.10f1\Editor\Data\Tools\BuildPipeline\bee_backend.exe --ipc --defer-dag-verification --dagfile="Library/Bee/1900b0aE.dag" --continue-on-failure --profile="Library/Bee/backend1.traceevents" ScriptAssemblies
WorkingDir: C:/Users/chase/Documents/Unity/Projects/Arch.OS
info: Microsoft.AspNetCore.Hosting.Diagnostics[1]
      Request starting HTTP/2 POST http://ilpp/UnityILPP.PostProcessing/ConfigurePostProcessors - application/grpc -
info: Microsoft.AspNetCore.Routing.EndpointMiddleware[0]
      Executing endpoint 'gRPC - /UnityILPP.PostProcessing/ConfigurePostProcessors'
info: Unity.ILPP.Runner.PostProcessingAssemblyLoadContext[0]
      Current configuration matches the requested one, skipping
info: Microsoft.AspNetCore.Routing.EndpointMiddleware[1]
      Executed endpoint 'gRPC - /UnityILPP.PostProcessing/ConfigurePostProcessors'
info: Microsoft.AspNetCore.Hosting.Diagnostics[2]
      Request finished HTTP/2 POST http://ilpp/UnityILPP.PostProcessing/ConfigurePostProcessors - 200 - application/grpc 1.1489ms
info: Microsoft.AspNetCore.Hosting.Diagnostics[1]
      Request starting HTTP/2 POST http://ilpp/UnityILPP.PostProcessing/PostProcessAssembly - application/grpc -
info: Microsoft.AspNetCore.Routing.EndpointMiddleware[0]
      Executing endpoint 'gRPC - /UnityILPP.PostProcessing/PostProcessAssembly'
info: Unity.ILPP.Runner.PostProcessingPipeline[0]
      Processing assembly Library/Bee/artifacts/1900b0aE.dag/Assembly-CSharp.dll, with 142 defines and 340 references
info: Unity.ILPP.Runner.PostProcessingPipeline[0]
      processors: Unity.Jobs.CodeGen.JobsILPostProcessor, zzzUnity.Burst.CodeGen.BurstILPostProcessor
info: Unity.ILPP.Runner.PostProcessingPipeline[0]
      running Unity.Jobs.CodeGen.JobsILPostProcessor
info: Unity.ILPP.Runner.PostProcessingAssemblyLoadContext[0]
      Resolved Unity.Collections, Version=0.0.0.0, Culture=neutral, PublicKeyToken=null with Library\Bee\artifacts\1900b0aE.dag\Unity.Collections.dll
info: Unity.ILPP.Runner.PostProcessingAssemblyLoadContext[0]
      Resolved UnityEditor.CoreModule, Version=0.0.0.0, Culture=neutral, PublicKeyToken=null with C:\Program Files\Unity\Hub\Editor\6000.5.10f1\Editor\Data\Managed\UnityEngine\UnityEditor.CoreModule.dll
info: Unity.ILPP.Runner.PostProcessingAssemblyLoadContext[0]
      Resolved UnityEngine.CoreModule, Version=0.0.0.0, Culture=neutral, PublicKeyToken=null with C:\Program Files\Unity\Hub\Editor\6000.5.10f1\Editor\Data\Managed\UnityEngine\UnityEngine.CoreModule.dll
info: Unity.ILPP.Runner.PostProcessingAssemblyLoadContext[0]
      Resolved Unity.Scripting, Version=0.0.0.0, Culture=neutral, PublicKeyToken=null with C:\Program Files\Unity\Hub\Editor\6000.5.10f1\Editor\Data\Managed\UnityEngine\Unity.Scripting.dll
info: Unity.ILPP.Runner.PostProcessingPipeline[0]
      running zzzUnity.Burst.CodeGen.BurstILPostProcessor
info: Unity.ILPP.Runner.PostProcessingAssemblyLoadContext[0]
      Resolved Unity.Burst.Cecil.Rocks, Version=0.11.6.0, Culture=neutral, PublicKeyToken=50cebf1cceb9d05e with Library\PackageCache\com.unity.burst@2f3d916873ea\Unity.Burst.CodeGen\Unity.Burst.Cecil.Rocks.dll
info: Microsoft.AspNetCore.Routing.EndpointMiddleware[1]
      Executed endpoint 'gRPC - /UnityILPP.PostProcessing/PostProcessAssembly'
info: Microsoft.AspNetCore.Hosting.Diagnostics[2]
      Request finished HTTP/2 POST http://ilpp/UnityILPP.PostProcessing/PostProcessAssembly - 200 - application/grpc 1454.6474ms
ExitCode: 0 Duration: 3s296ms
[729/926    0s] ILPP-Configuration Library/ilpp-configuration.nevergeneratedoutput
[922/926    1s] Csc Library/Bee/artifacts/1900b0aE.dag/Assembly-CSharp.dll (+2 others)
[923/926    1s] ILPostProcess Library/Bee/artifacts/1900b0aE.dag/post-processed/Assembly-CSharp.dll (+pdb)
Processing assembly Library/Bee/artifacts/1900b0aE.dag/Assembly-CSharp.dll, with 142 defines and 340 references

processors: Unity.Jobs.CodeGen.JobsILPostProcessor, zzzUnity.Burst.CodeGen.BurstILPostProcessor

running Unity.Jobs.CodeGen.JobsILPostProcessor

running zzzUnity.Burst.CodeGen.BurstILPostProcessor
[924/926    0s] CopyFiles Library/ScriptAssemblies/Assembly-CSharp.pdb
[925/926    0s] CopyFiles Library/ScriptAssemblies/Assembly-CSharp.dll
*** Tundra build success (3.27 seconds), 5 items updated, 926 evaluated
Reloading assemblies after forced synchronous recompile.
Total cache size 66086520
Total cache size after purge 66086520, took 00:00:00.0908797
Begin MonoManager ReloadAssembly
Symbol file LoadedFromMemory is not a mono symbol file
Native extension for WindowsStandalone target not found
[MODES] ModeService[none].Initialize
[MODES] ModeService[none].LoadModes
ScheduleIndexationOnStartup MainProcess:True IndexOnStartup:True
Mono: successfully reloaded assembly
- Finished resetting the current domain, in  1.575 seconds
Domain Reload Profiling: 2894ms
	BeginReloadAssembly (945ms)
		DisableScriptedObjects (171ms)
		CreateAndSetChildDomain (387ms)
	RebuildCommonClasses (7ms)
	RebuildNativeTypeToScriptingClass (12ms)
	initialDomainReloadingComplete (52ms)
	LoadAllAssembliesAndSetupDomain (303ms)
		LoadAssemblies (107ms)
		AnalyzeDomain (184ms)
			TypeCache.Refresh (9ms)
			BuildScriptInfoCaches (154ms)
			ResolveRequiredComponents (20ms)
	FinalizeReload (1576ms)
		SetupLoadedEditorAssemblies (0ms)
			BeforeProcessingInitializeOnLoad (159ms)
			ProcessInitializeOnLoadAttributes (465ms)
			ProcessInitializeOnLoadMethodAttributes (139ms)
			AfterProcessingInitializeOnLoad (6ms)
		AwakeInstancesAfterBackupRestoration (431ms)

Asset Pipeline Refresh (id=174ed324604e2f54c82cf24f9a69b35f): Total: 6.611 seconds - Initiated by RefreshV2(AllowForceSynchronousImport)
	(Values over 0.05ms)
	Summary:
		Imports: total=0 (actual=0, local cache=0, cache server=0)
		Asset DB Process Time: managed=0 ms, native=1717 ms
		Asset DB Callback time: managed=27 ms, native=0 ms
		Scripting: domain reloads=1, domain reload time=1372 ms, compile time=3492 ms, other=0 ms
		Project Asset Count: scripts=1405, non-scripts=2494
		Asset File Changes: new=0, changed=0, moved=0, deleted=0
		Scan Filter Count: 0
	InvokePackagesCallback: 1.535ms
	ApplyChangesToAssetFolders: 0.285ms
	Scan: 3.680ms
	Collect global state as custom dependencies: 3.258ms
	ProcessAssetsWithTransientArtifactChanges: 3.821ms
	CategorizeAssets: 41.790ms
	CompileScripts: 3492.320ms
	ImportOutOfDateAssets: 1616.644ms (1587.718ms without children)
		CollectScriptTypesHashes: 8.854ms
		ReloadNativeAssets: 1.804ms
		UnloadImportedAssets: 1.550ms
		EnsureUptoDateAssetsAreRegisteredWithGuidPM: 0.483ms
		ImportSchedulerStart: 25.067ms
	PostProcessAllAssets: 27.975ms
		MonoPostProcessAllAssets: 27.970ms
			UniversalRenderPipelineGlobalSettingsPostprocessor.OnPostprocessAllAssets 8.524ms
			SyncVS.PostprocessSyncProject 3.105ms
			WindowAssetPostprocessingWatcher.OnPostprocessAllAssets 1.874ms
			SpeedTree9Postprocessor.OnPostprocessAllAssets 1.664ms
			EditModeScopePostprocessor.OnPostprocessAllAssets 1.253ms
			ProjectSettingsPostprocessor.OnPostprocessAllAssets 0.812ms
			RenderPipelineGlobalSettingsPostprocessor.OnPostprocessAllAssets 0.684ms
			InputActionAssetPostprocessor.OnPostprocessAllAssets 0.622ms
			TerrainToolbarOverlayPostProcessor.OnPostprocessAllAssets 0.295ms
			ShaderReflectionAssetPostProcessor.OnPostprocessAllAssets 0.294ms
			ReferencedClipsPostProcessor.OnPostprocessAllAssets 0.227ms
			AssetDatabaseCallbacks.OnPostprocessAllAssets 0.138ms
			AssetPostprocessor.OnPostprocessAllAssets 0.072ms
			AssetChangedListener.OnPostprocessAllAssets 0.060ms
	GatherAllCurrentPrimaryImportResultRevisions: 0.149ms
	PersistCurrentRevisions: 0.108ms
	GenerateScriptTypeHashes: 7.630ms
	GenerateScriptTypeSerializationHashes: 11.751ms
	Untracked: 1407.318ms

[Licensing::Client] Successfully resolved entitlement details
[Licensing::Client] Successfully resolved entitlement details
Asset Pipeline Refresh (id=c36e1b69a9a64c6439b065607f426de5): Total: 0.010 seconds - Initiated by RefreshV2(AllowForceSynchronousImport)
[ScriptCompilation] Requested script compilation because: AssetDatabase observed changes in script compilation related files
Asset Pipeline Refresh (id=1d1fa5b843074be4bbcd1865ef3b5c8a): Total: 0.113 seconds - Initiated by RefreshV2(NoUpdateAssetOptions)
[Licensing::Client] Successfully resolved entitlement details
info: Microsoft.AspNetCore.Hosting.Diagnostics[1]
      Request starting HTTP/2 POST http://ilpp/UnityILPP.PostProcessing/Ping - application/grpc -
info: Microsoft.AspNetCore.Routing.EndpointMiddleware[0]
      Executing endpoint 'gRPC - /UnityILPP.PostProcessing/Ping'
info: Microsoft.AspNetCore.Routing.EndpointMiddleware[1]
      Executed endpoint 'gRPC - /UnityILPP.PostProcessing/Ping'
info: Microsoft.AspNetCore.Hosting.Diagnostics[2]
      Request finished HTTP/2 POST http://ilpp/UnityILPP.PostProcessing/Ping - 200 - application/grpc 0.3751ms
Starting: C:\Program Files\Unity\Hub\Editor\6000.5.10f1\Editor\Data\Tools\BuildPipeline\bee_backend.exe --ipc --defer-dag-verification --dagfile="Library/Bee/1900b0aE.dag" --continue-on-failure --profile="Library/Bee/backend1.traceevents" ScriptAssemblies
WorkingDir: C:/Users/chase/Documents/Unity/Projects/Arch.OS
info: Microsoft.AspNetCore.Hosting.Diagnostics[1]
      Request starting HTTP/2 POST http://ilpp/UnityILPP.PostProcessing/ConfigurePostProcessors - application/grpc -
info: Microsoft.AspNetCore.Routing.EndpointMiddleware[0]
      Executing endpoint 'gRPC - /UnityILPP.PostProcessing/ConfigurePostProcessors'
info: Unity.ILPP.Runner.PostProcessingAssemblyLoadContext[0]
      Current configuration matches the requested one, skipping
info: Microsoft.AspNetCore.Routing.EndpointMiddleware[1]
      Executed endpoint 'gRPC - /UnityILPP.PostProcessing/ConfigurePostProcessors'
info: Microsoft.AspNetCore.Hosting.Diagnostics[2]
      Request finished HTTP/2 POST http://ilpp/UnityILPP.PostProcessing/ConfigurePostProcessors - 200 - application/grpc 1.1718ms
info: Microsoft.AspNetCore.Hosting.Diagnostics[1]
      Request starting HTTP/2 POST http://ilpp/UnityILPP.PostProcessing/PostProcessAssembly - application/grpc -
info: Microsoft.AspNetCore.Routing.EndpointMiddleware[0]
      Executing endpoint 'gRPC - /UnityILPP.PostProcessing/PostProcessAssembly'
info: Unity.ILPP.Runner.PostProcessingPipeline[0]
      Processing assembly Library/Bee/artifacts/1900b0aE.dag/Assembly-CSharp.dll, with 142 defines and 340 references
info: Unity.ILPP.Runner.PostProcessingPipeline[0]
      processors: Unity.Jobs.CodeGen.JobsILPostProcessor, zzzUnity.Burst.CodeGen.BurstILPostProcessor
info: Unity.ILPP.Runner.PostProcessingPipeline[0]
      running Unity.Jobs.CodeGen.JobsILPostProcessor
info: Unity.ILPP.Runner.PostProcessingPipeline[0]
      running zzzUnity.Burst.CodeGen.BurstILPostProcessor
info: Microsoft.AspNetCore.Routing.EndpointMiddleware[1]
      Executed endpoint 'gRPC - /UnityILPP.PostProcessing/PostProcessAssembly'
info: Microsoft.AspNetCore.Hosting.Diagnostics[2]
      Request finished HTTP/2 POST http://ilpp/UnityILPP.PostProcessing/PostProcessAssembly - 200 - application/grpc 25.1434ms
ExitCode: 0 Duration: 0s698ms
[729/926    0s] ILPP-Configuration Library/ilpp-configuration.nevergeneratedoutput
[922/926    0s] Csc Library/Bee/artifacts/1900b0aE.dag/Assembly-CSharp.dll (+2 others)
[923/926    0s] ILPostProcess Library/Bee/artifacts/1900b0aE.dag/post-processed/Assembly-CSharp.dll (+pdb)
Processing assembly Library/Bee/artifacts/1900b0aE.dag/Assembly-CSharp.dll, with 142 defines and 340 references

processors: Unity.Jobs.CodeGen.JobsILPostProcessor, zzzUnity.Burst.CodeGen.BurstILPostProcessor

running Unity.Jobs.CodeGen.JobsILPostProcessor

running zzzUnity.Burst.CodeGen.BurstILPostProcessor
[924/926    0s] CopyFiles Library/ScriptAssemblies/Assembly-CSharp.dll
[925/926    0s] CopyFiles Library/ScriptAssemblies/Assembly-CSharp.pdb
*** Tundra build success (0.67 seconds), 5 items updated, 926 evaluated
Total cache size 66086520
Reloading assemblies after finishing script compilation.
Total cache size after purge 66086520, took 00:00:00.0782379
Reloading assemblies after forced synchronous recompile.
Begin MonoManager ReloadAssembly
Symbol file LoadedFromMemory is not a mono symbol file
Refreshing native plugins compatible for Editor in 2.55 ms, found 4 plugins.
Native extension for WindowsStandalone target not found
[MODES] ModeService[none].Initialize
[MODES] ModeService[none].LoadModes
ScheduleIndexationOnStartup MainProcess:True IndexOnStartup:True
Mono: successfully reloaded assembly
- Finished resetting the current domain, in  1.965 seconds
Domain Reload Profiling: 3480ms
	BeginReloadAssembly (1024ms)
		DisableScriptedObjects (168ms)
		CreateAndSetChildDomain (559ms)
	RebuildCommonClasses (9ms)
	RebuildNativeTypeToScriptingClass (14ms)
	initialDomainReloadingComplete (70ms)
	LoadAllAssembliesAndSetupDomain (396ms)
		LoadAssemblies (131ms)
		AnalyzeDomain (234ms)
			TypeCache.Refresh (9ms)
			BuildScriptInfoCaches (195ms)
			ResolveRequiredComponents (28ms)
	FinalizeReload (1966ms)
		SetupLoadedEditorAssemblies (0ms)
			BeforeProcessingInitializeOnLoad (217ms)
			ProcessInitializeOnLoadAttributes (515ms)
			ProcessInitializeOnLoadMethodAttributes (192ms)
			AfterProcessingInitializeOnLoad (7ms)
		AwakeInstancesAfterBackupRestoration (567ms)
Script type dependency changed for 'Assets/_ArchOS/Data/Items/Imp.asset', but loaded objects from the asset didn't get reloaded, because one or more objects were dirty.

Asset Pipeline Refresh (id=b76db7cc4446dfe419449ee6516ed90c): Total: 3.756 seconds - Initiated by StopAssetImportingV2(ForceSynchronousImport | ForceDomainReload)
	(Values over 0.05ms)
	Summary:
		Imports: total=0 (actual=0, local cache=0, cache server=0)
		Asset DB Process Time: managed=0 ms, native=2134 ms
		Asset DB Callback time: managed=29 ms, native=0 ms
		Scripting: domain reloads=1, domain reload time=1589 ms, compile time=2 ms, other=0 ms
		Project Asset Count: scripts=1405, non-scripts=2494
		Asset File Changes: new=0, changed=0, moved=0, deleted=0
		Scan Filter Count: 0
	InvokePackagesCallback: 1.708ms
	ApplyChangesToAssetFolders: 0.291ms
	Collect global state as custom dependencies: 2.385ms
	ProcessAssetsWithTransientArtifactChanges: 5.179ms
	CategorizeAssets: 57.369ms
	CompileScripts: 1.776ms
	ImportOutOfDateAssets: 2019.916ms (1981.636ms without children)
		CollectScriptTypesHashes: 1.958ms
		ReloadNativeAssets: 0.955ms
		UnloadImportedAssets: 0.271ms
		EnsureUptoDateAssetsAreRegisteredWithGuidPM: 0.677ms
		ImportSchedulerStart: 36.350ms
	PostProcessAllAssets: 29.111ms
		MonoPostProcessAllAssets: 29.105ms
			UniversalRenderPipelineGlobalSettingsPostprocessor.OnPostprocessAllAssets 8.275ms
			BuilderAssetPostprocessor.OnPostprocessAllAssets 6.447ms
			AssetChangedListener.OnPostprocessAllAssets 5.898ms
			AssetPostprocessor.OnPostprocessAllAssets 5.274ms
			SyncVS.PostprocessSyncProject 3.399ms
			SpeedTree9Postprocessor.OnPostprocessAllAssets 2.114ms
			WindowAssetPostprocessingWatcher.OnPostprocessAllAssets 1.823ms
			ShaderGraphAssetPostProcessor.OnPostprocessAllAssets 1.389ms
			RetainedModeAssetPostprocessor.OnPostprocessAllAssets 1.186ms
			MaterialPostprocessor.OnPostprocessAllAssets 1.179ms
			EditModeScopePostprocessor.OnPostprocessAllAssets 1.179ms
			ProjectSettingsPostprocessor.OnPostprocessAllAssets 0.899ms
			RenderPipelineGlobalSettingsPostprocessor.OnPostprocessAllAssets 0.653ms
			InputActionJsonNameModifierAssetProcessor.OnPostprocessAllAssets 0.622ms
			AudioMixerPostprocessor.OnPostprocessAllAssets 0.585ms
			TMPro_TexturePostProcessor.OnPostprocessAllAssets 0.552ms
			ArtifactBrowserPostProcessor.OnPostprocessAllAssets 0.508ms
			StyleCatalogPostProcessor.OnPostprocessAllAssets 0.422ms
			UVCSAssetPostprocessor.OnPostprocessAllAssets 0.388ms
			SamplePostprocessor.OnPostprocessAllAssets 0.379ms
			AssetEvents.OnPostprocessAllAssets 0.351ms
			ShaderReflectionAssetPostProcessor.OnPostprocessAllAssets 0.297ms
			SampleDependencyImporterPostProcessor.OnPostprocessAllAssets 0.293ms
			TextAssetPostProcessor.OnPostprocessAllAssets 0.280ms
			InputActionAssetPostprocessor.OnPostprocessAllAssets 0.255ms
			ReferencedClipsPostProcessor.OnPostprocessAllAssets 0.217ms
			PostProcessor.OnPostprocessAllAssets 0.202ms
			TerrainToolbarOverlayPostProcessor.OnPostprocessAllAssets 0.169ms
			ConfigAssetsTracker.OnPostprocessAllAssets 0.168ms
			SpeedTreePostProcessor.OnPostprocessAllAssets 0.166ms
			ScenarioDriftAssetsTracker.OnPostprocessAllAssets 0.148ms
			AssetDatabaseCallbacks.OnPostprocessAllAssets 0.136ms
			AssetReloadNotifier.OnPostprocessAllAssets 0.127ms
			AudioContainerPostProcessor.OnPostprocessAllAssets 0.073ms
	GatherAllCurrentPrimaryImportResultRevisions: 0.141ms
	PersistCurrentRevisions: 0.115ms
	GenerateScriptTypeHashes: 2.630ms
	GenerateScriptTypeSerializationHashes: 4.699ms
	Untracked: 1630.704ms

[Licensing::Client] Successfully resolved entitlement details
[Licensing::Client] Successfully resolved entitlement details
Asset Pipeline Refresh (id=79c7768f9d80f884da334acb864317d8): Total: 0.009 seconds - Initiated by RefreshV2(AllowForceSynchronousImport)
[Worker0] Imported GUID: 7d6aeb6385461c54caa6b611d569c2dc - Path: Assets/_ArchOS/Scripts/ScriptableObjects/DemonSO.cs - Importer: ScriptedImporter/UnityEditor.QuickSearchModule:UnityEditor.Search:ASIAI0B -> (ImportResultId: 'abe192967e3a27023cb88c7c1cc6c059') in 0.0905602 seconds
Importing 'GUID: 27ae12a6b90cf464e82c1ae74c1ddeb3 - Path: Assets/_ArchOS/Data/Items/New Black ICE.asset' with importer (NativeFormatImporter)
Imported 'GUID: 27ae12a6b90cf464e82c1ae74c1ddeb3' -> (Import Result ID: 'b5ad3ddbe708680049dbd99b2da46e2f') in 0.005 seconds [static dependencies only]. Details - ImportResultOutputID=4f74e043a6216240ebb8ecd3cc06b6fa DependenciesID=1492ba8b0b2caa17900b78b947924eea StaticDependenciesID=097f84b46573cb78b2eb298dc56aff9b 
Refreshing native plugins compatible for Editor in 2.35 ms, found 4 plugins.
Asset Pipeline Refresh (id=342d3994f46ec9d4eac6e5b97da094c7): Total: 0.137 seconds - Initiated by StopAssetImportingV2(NoUpdateAssetOptions)
Importing 'GUID: 27ae12a6b90cf464e82c1ae74c1ddeb3 - Path: Assets/_ArchOS/Data/Items/New Black ICE.asset' with importer (NativeFormatImporter)
Imported 'GUID: 27ae12a6b90cf464e82c1ae74c1ddeb3' -> (Import Result ID: 'b5ad3ddbe708680049dbd99b2da46e2f') in 0.002 seconds [static dependencies only]. Details - ImportResultOutputID=4f74e043a6216240ebb8ecd3cc06b6fa DependenciesID=1492ba8b0b2caa17900b78b947924eea StaticDependenciesID=097f84b46573cb78b2eb298dc56aff9b 
Refreshing native plugins compatible for Editor in 2.80 ms, found 4 plugins.
Asset Pipeline Refresh (id=8b7f0efb30b76a94eb979db1033011ed): Total: 0.074 seconds - Initiated by StopAssetImportingV2(NoUpdateAssetOptions)
[Worker0] Imported GUID: 27ae12a6b90cf464e82c1ae74c1ddeb3 - Path: Assets/_ArchOS/Data/Items/New Black ICE.asset - Importer: PreviewImporter -> (ImportResultId: '56fbc4014204c529e087201ba62de025') in 0.0433314 seconds
[Worker0] Imported GUID: 27ae12a6b90cf464e82c1ae74c1ddeb3 - Path: Assets/_ArchOS/Data/Items/New Black ICE.asset - Importer: ScriptedImporter/UnityEditor.QuickSearchModule:UnityEditor.Search:ASIAI0B -> (ImportResultId: '14fefa68c2eb74e2f22cda13ee8259a3') in 0.038385 seconds
Asset Pipeline Refresh (id=e3e16ce659d0fdf4389153224258e4c9): Total: 0.013 seconds - Initiated by RefreshV2(AllowForceSynchronousImport)
Importing 'GUID: 27ae12a6b90cf464e82c1ae74c1ddeb3 - Path: Assets/_ArchOS/Data/Items/Hellhound.asset' with importer (NativeFormatImporter)
Imported 'GUID: 27ae12a6b90cf464e82c1ae74c1ddeb3' -> (Import Result ID: '43af1aaa5cd7d6129752bd0ef2a621c7') in 0.001 seconds [static dependencies only]. Details - ImportResultOutputID=4f74e043a6216240ebb8ecd3cc06b6fa DependenciesID=4b4bf8cbfd84737961c2f7b159f360cf StaticDependenciesID=6c481c0afe8f3bf0d6641d730cc20d2a 
Asset Pipeline Refresh (id=4e6c48fd3839afe4099646e29ac2e74f): Total: 0.060 seconds - Initiated by StopAssetImportingV2(NoUpdateAssetOptions)
[Worker0] Imported GUID: 27ae12a6b90cf464e82c1ae74c1ddeb3 - Path: Assets/_ArchOS/Data/Items/Hellhound.asset - Importer: PreviewImporter -> (ImportResultId: '26040deaf5bc939af0562a2897636c92') in 0.0092664 seconds
[Worker0] Imported GUID: 27ae12a6b90cf464e82c1ae74c1ddeb3 - Path: Assets/_ArchOS/Data/Items/Hellhound.asset - Importer: ScriptedImporter/UnityEditor.QuickSearchModule:UnityEditor.Search:ASIAI0B -> (ImportResultId: '6e0cbe6cc3a3f9ac9d803a94984265b1') in 0.0132199 seconds
Asset Pipeline Refresh (id=1c1e0601287343e44ad2ac7bfe358864): Total: 0.010 seconds - Initiated by RefreshV2(AllowForceSynchronousImport)
Importing 'GUID: 901de443dbcd23d45a0c182adad8b843 - Path: Assets/_ArchOS/Data/Items/Imp.asset' with importer (NativeFormatImporter)
Imported 'GUID: 901de443dbcd23d45a0c182adad8b843' -> (Import Result ID: 'bd350a3c526d87a64c616064fb4079d7') in 0.001 seconds [static dependencies only]. Details - ImportResultOutputID=81a3bd6b412da287c3fe3f199e6358ea DependenciesID=28b1dbc7311bc6514733703d8f142b2d StaticDependenciesID=cb8cba4ebae252b219a1bb67822300bc 
Importing 'GUID: 27ae12a6b90cf464e82c1ae74c1ddeb3 - Path: Assets/_ArchOS/Data/Items/Hellhound.asset' with importer (NativeFormatImporter)
Imported 'GUID: 27ae12a6b90cf464e82c1ae74c1ddeb3' -> (Import Result ID: 'c2bbdec5bea173fef229ccd1257ab659') in 0.001 seconds [static dependencies only]. Details - ImportResultOutputID=4f74e043a6216240ebb8ecd3cc06b6fa DependenciesID=714ea79bcfa7ec433ee77995c76ef9ed StaticDependenciesID=3bd7dcc73d6c0866ec4a5af6d955c561 
Importing 'GUID: 99dbf74035ce8724e82e3c613796f91c - Path: Assets/_ArchOS/Data/Items/Eraser.asset' with importer (NativeFormatImporter)
Imported 'GUID: 99dbf74035ce8724e82e3c613796f91c' -> (Import Result ID: '52b5be8f35b7285f0fb618914bd79247') in 0.001 seconds [static dependencies only]. Details - ImportResultOutputID=82c0673c035dc85e29076b93393ee241 DependenciesID=54a126b69f7906316d6fa846cf64e014 StaticDependenciesID=5c4c57c7d2770e0f209741ac083adb6f 
Asset Pipeline Refresh (id=5f888942c2ac0414cb4ce756caff374f): Total: 0.060 seconds - Initiated by StopAssetImportingV2(NoUpdateAssetOptions)
[Worker0] Imported GUID: 99dbf74035ce8724e82e3c613796f91c - Path: Assets/_ArchOS/Data/Items/Eraser.asset - Importer: PreviewImporter -> (ImportResultId: 'ae1aaafbdd4ee555bbe83a0014b9f345') in 0.0113016 seconds
[Worker0] Imported GUID: 901de443dbcd23d45a0c182adad8b843 - Path: Assets/_ArchOS/Data/Items/Imp.asset - Importer: PreviewImporter -> (ImportResultId: '41421501b478fa7eef4f39bf283cdb10') in 0.0128037 seconds
[Worker1] Imported GUID: 27ae12a6b90cf464e82c1ae74c1ddeb3 - Path: Assets/_ArchOS/Data/Items/Hellhound.asset - Importer: PreviewImporter -> (ImportResultId: '8e460e440096a85db39a54b158382ada') in 0.035556 seconds
[Worker0] Imported GUID: 27ae12a6b90cf464e82c1ae74c1ddeb3 - Path: Assets/_ArchOS/Data/Items/Hellhound.asset - Importer: ScriptedImporter/UnityEditor.QuickSearchModule:UnityEditor.Search:ASIAI0B -> (ImportResultId: 'cd86efb0f2c4bff2342caada0e2d6c35') in 0.0155677 seconds
[Worker0] Imported GUID: 901de443dbcd23d45a0c182adad8b843 - Path: Assets/_ArchOS/Data/Items/Imp.asset - Importer: ScriptedImporter/UnityEditor.QuickSearchModule:UnityEditor.Search:ASIAI0B -> (ImportResultId: 'b80f4edb1fe4968ae5330f5aaea97855') in 0.0140825 seconds
[Worker1] Imported GUID: 99dbf74035ce8724e82e3c613796f91c - Path: Assets/_ArchOS/Data/Items/Eraser.asset - Importer: ScriptedImporter/UnityEditor.QuickSearchModule:UnityEditor.Search:ASIAI0B -> (ImportResultId: 'ea4e7879702612954006b9779921ef94') in 0.1107422 seconds
Importing 'GUID: e3b5fdecd3c75dc48ac6c5872d9f57da - Path: Assets/_ArchOS/Data/Items/BackupDrive.asset' with importer (NativeFormatImporter)
Imported 'GUID: e3b5fdecd3c75dc48ac6c5872d9f57da' -> (Import Result ID: '008c0d2237115b6dfebe1342b4be8ebf') in 0.001 seconds [static dependencies only]. Details - ImportResultOutputID=fcba1ff83ea12d664fc6e2464d69b244 DependenciesID=28f779a89423c99d81dfbfedf298ea03 StaticDependenciesID=1f4cdc5688381fd294ca1d06a49ca446 
Asset Pipeline Refresh (id=8e47d2e206006ee48be7125ec54e0c12): Total: 0.065 seconds - Initiated by StopAssetImportingV2(NoUpdateAssetOptions)
Importing 'GUID: e3b5fdecd3c75dc48ac6c5872d9f57da - Path: Assets/_ArchOS/Data/Items/BackupDrive.asset' with importer (NativeFormatImporter)
Imported 'GUID: e3b5fdecd3c75dc48ac6c5872d9f57da' -> (Import Result ID: '008c0d2237115b6dfebe1342b4be8ebf') in 0.001 seconds [static dependencies only]. Details - ImportResultOutputID=fcba1ff83ea12d664fc6e2464d69b244 DependenciesID=28f779a89423c99d81dfbfedf298ea03 StaticDependenciesID=1f4cdc5688381fd294ca1d06a49ca446 
Asset Pipeline Refresh (id=6432dc872afe4044a9bad49e9d1b5d14): Total: 0.042 seconds - Initiated by StopAssetImportingV2(NoUpdateAssetOptions)
[Worker0] Imported GUID: e3b5fdecd3c75dc48ac6c5872d9f57da - Path: Assets/_ArchOS/Data/Items/BackupDrive.asset - Importer: PreviewImporter -> (ImportResultId: 'b183ba8aa51e4ad5a0ebd2628f447d16') in 0.0123367 seconds
[Worker0] Imported GUID: e3b5fdecd3c75dc48ac6c5872d9f57da - Path: Assets/_ArchOS/Data/Items/BackupDrive.asset - Importer: ScriptedImporter/UnityEditor.QuickSearchModule:UnityEditor.Search:ASIAI0B -> (ImportResultId: '93c0b8fefab3e6afdf5ceddbe1c0ba6d') in 0.0143699 seconds
Asset Pipeline Refresh (id=2a3309372bd54024c83c93707f525e66): Total: 0.017 seconds - Initiated by RefreshV2(AllowForceSynchronousImport)
[Worker0] Imported GUID: 4a82160988c89f94cb96846529a27555 - Path: Assets/_ArchOS/Scripts/Programs/Program.cs - Importer: PreviewImporter -> (ImportResultId: '890fe514289679a11e9dd9520b0eca51') in 0.0102701 seconds
[Licensing::Client] Successfully resolved entitlement details
Asset Pipeline Refresh (id=92e7907bc09812f4296c3b2f1b5fa3b4): Total: 0.004 seconds - Initiated by RefreshV2(AllowForceSynchronousImport)
[Worker0] Imported GUID: adc69fb25564b4f4c8bdbbcaf27ec1fd - Path: Assets/_ArchOS/Scripts/Programs/Runtime/Eraser.cs - Importer: PreviewImporter -> (ImportResultId: 'a687994b54bfdcafd72cb3abb450e412') in 0.0091238 seconds
[ScriptCompilation] Requested script compilation because: AssetDatabase observed changes in script compilation related files
Asset Pipeline Refresh (id=bf2fd71953b28e3429a12ab7a5b1a478): Total: 0.080 seconds - Initiated by RefreshV2(NoUpdateAssetOptions)
[Worker0] Imported GUID: adc69fb25564b4f4c8bdbbcaf27ec1fd - Path: Assets/_ArchOS/Scripts/Programs/Runtime/Eraser.cs - Importer: PreviewImporter -> (ImportResultId: '04094f367649f79a9abfb5b7c31445c7') in 0.0126088 seconds
[Worker0] Imported GUID: adc69fb25564b4f4c8bdbbcaf27ec1fd - Path: Assets/_ArchOS/Scripts/Programs/Runtime/Eraser.cs - Importer: ScriptedImporter/UnityEditor.QuickSearchModule:UnityEditor.Search:ASIAI0B -> (ImportResultId: 'a77c4717ba7c7fad1d425f4eb7c6f9a4') in 0.0160809 seconds
[ScriptCompilation] Requested script compilation because: AssetDatabase observed changes in script compilation related files
Asset Pipeline Refresh (id=16b75799e9507d34686bb99c648b1476): Total: 0.077 seconds - Initiated by RefreshV2(NoUpdateAssetOptions)
[Worker0] Imported GUID: adc69fb25564b4f4c8bdbbcaf27ec1fd - Path: Assets/_ArchOS/Scripts/Programs/Runtime/Eraser.cs - Importer: PreviewImporter -> (ImportResultId: '16cfa99b3392c5cd52e44f10201b123a') in 0.0115645 seconds
[Worker0] Imported GUID: adc69fb25564b4f4c8bdbbcaf27ec1fd - Path: Assets/_ArchOS/Scripts/Programs/Runtime/Eraser.cs - Importer: ScriptedImporter/UnityEditor.QuickSearchModule:UnityEditor.Search:ASIAI0B -> (ImportResultId: 'ba30aeafb0a831d134516d3057a9f572') in 0.0149938 seconds
[Licensing::Client] Successfully resolved entitlement details
info: Microsoft.AspNetCore.Hosting.Diagnostics[1]
      Request starting HTTP/2 POST http://ilpp/UnityILPP.PostProcessing/Ping - application/grpc -
info: Microsoft.AspNetCore.Routing.EndpointMiddleware[0]
      Executing endpoint 'gRPC - /UnityILPP.PostProcessing/Ping'
info: Microsoft.AspNetCore.Routing.EndpointMiddleware[1]
      Executed endpoint 'gRPC - /UnityILPP.PostProcessing/Ping'
info: Microsoft.AspNetCore.Hosting.Diagnostics[2]
      Request finished HTTP/2 POST http://ilpp/UnityILPP.PostProcessing/Ping - 200 - application/grpc 0.5166ms
Starting: C:\Program Files\Unity\Hub\Editor\6000.5.10f1\Editor\Data\Tools\BuildPipeline\bee_backend.exe --ipc --defer-dag-verification --dagfile="Library/Bee/1900b0aE.dag" --continue-on-failure --profile="Library/Bee/backend1.traceevents" ScriptAssemblies
WorkingDir: C:/Users/chase/Documents/Unity/Projects/Arch.OS
info: Microsoft.AspNetCore.Hosting.Diagnostics[1]
      Request starting HTTP/2 POST http://ilpp/UnityILPP.PostProcessing/ConfigurePostProcessors - application/grpc -
info: Microsoft.AspNetCore.Routing.EndpointMiddleware[0]
      Executing endpoint 'gRPC - /UnityILPP.PostProcessing/ConfigurePostProcessors'
info: Unity.ILPP.Runner.PostProcessingAssemblyLoadContext[0]
      Current configuration matches the requested one, skipping
info: Microsoft.AspNetCore.Routing.EndpointMiddleware[1]
      Executed endpoint 'gRPC - /UnityILPP.PostProcessing/ConfigurePostProcessors'
info: Microsoft.AspNetCore.Hosting.Diagnostics[2]
      Request finished HTTP/2 POST http://ilpp/UnityILPP.PostProcessing/ConfigurePostProcessors - 200 - application/grpc 0.8113ms
info: Microsoft.AspNetCore.Hosting.Diagnostics[1]
      Request starting HTTP/2 POST http://ilpp/UnityILPP.PostProcessing/PostProcessAssembly - application/grpc -
info: Microsoft.AspNetCore.Routing.EndpointMiddleware[0]
      Executing endpoint 'gRPC - /UnityILPP.PostProcessing/PostProcessAssembly'
info: Unity.ILPP.Runner.PostProcessingPipeline[0]
      Processing assembly Library/Bee/artifacts/1900b0aE.dag/Assembly-CSharp.dll, with 142 defines and 340 references
info: Unity.ILPP.Runner.PostProcessingPipeline[0]
      processors: Unity.Jobs.CodeGen.JobsILPostProcessor, zzzUnity.Burst.CodeGen.BurstILPostProcessor
info: Unity.ILPP.Runner.PostProcessingPipeline[0]
      running Unity.Jobs.CodeGen.JobsILPostProcessor
info: Unity.ILPP.Runner.PostProcessingPipeline[0]
      running zzzUnity.Burst.CodeGen.BurstILPostProcessor
info: Microsoft.AspNetCore.Routing.EndpointMiddleware[1]
      Executed endpoint 'gRPC - /UnityILPP.PostProcessing/PostProcessAssembly'
info: Microsoft.AspNetCore.Hosting.Diagnostics[2]
      Request finished HTTP/2 POST http://ilpp/UnityILPP.PostProcessing/PostProcessAssembly - 200 - application/grpc 33.9196ms
ExitCode: 0 Duration: 0s597ms
[729/926    0s] ILPP-Configuration Library/ilpp-configuration.nevergeneratedoutput
[922/926    0s] Csc Library/Bee/artifacts/1900b0aE.dag/Assembly-CSharp.dll (+2 others)
[923/926    0s] ILPostProcess Library/Bee/artifacts/1900b0aE.dag/post-processed/Assembly-CSharp.dll (+pdb)
Processing assembly Library/Bee/artifacts/1900b0aE.dag/Assembly-CSharp.dll, with 142 defines and 340 references

processors: Unity.Jobs.CodeGen.JobsILPostProcessor, zzzUnity.Burst.CodeGen.BurstILPostProcessor

running Unity.Jobs.CodeGen.JobsILPostProcessor

running zzzUnity.Burst.CodeGen.BurstILPostProcessor
[924/926    0s] CopyFiles Library/ScriptAssemblies/Assembly-CSharp.pdb
[925/926    0s] CopyFiles Library/ScriptAssemblies/Assembly-CSharp.dll
*** Tundra build success (0.57 seconds), 5 items updated, 926 evaluated
Total cache size 66086520
Reloading assemblies after forced synchronous recompile.
Total cache size after purge 66086520, took 00:00:00.0997572
Begin MonoManager ReloadAssembly
Symbol file LoadedFromMemory is not a mono symbol file
Native extension for WindowsStandalone target not found
[MODES] ModeService[none].Initialize
[MODES] ModeService[none].LoadModes
ScheduleIndexationOnStartup MainProcess:True IndexOnStartup:True
Mono: successfully reloaded assembly
- Finished resetting the current domain, in  1.597 seconds
Domain Reload Profiling: 2738ms
	BeginReloadAssembly (741ms)
		DisableScriptedObjects (129ms)
		CreateAndSetChildDomain (419ms)
	RebuildCommonClasses (7ms)
	RebuildNativeTypeToScriptingClass (16ms)
	initialDomainReloadingComplete (57ms)
	LoadAllAssembliesAndSetupDomain (317ms)
		LoadAssemblies (111ms)
		AnalyzeDomain (189ms)
			TypeCache.Refresh (10ms)
			BuildScriptInfoCaches (156ms)
			ResolveRequiredComponents (21ms)
	FinalizeReload (1598ms)
		SetupLoadedEditorAssemblies (0ms)
			BeforeProcessingInitializeOnLoad (168ms)
			ProcessInitializeOnLoadAttributes (398ms)
			ProcessInitializeOnLoadMethodAttributes (139ms)
			AfterProcessingInitializeOnLoad (6ms)
		AwakeInstancesAfterBackupRestoration (492ms)

Asset Pipeline Refresh (id=9c5312f4c40016c4cb3d7a52fdce621f): Total: 3.799 seconds - Initiated by RefreshV2(AllowForceSynchronousImport)
	(Values over 0.05ms)
	Summary:
		Imports: total=0 (actual=0, local cache=0, cache server=0)
		Asset DB Process Time: managed=0 ms, native=1738 ms
		Asset DB Callback time: managed=25 ms, native=0 ms
		Scripting: domain reloads=1, domain reload time=1197 ms, compile time=837 ms, other=0 ms
		Project Asset Count: scripts=1405, non-scripts=2496
		Asset File Changes: new=0, changed=0, moved=0, deleted=0
		Scan Filter Count: 0
	InvokePackagesCallback: 1.976ms
	ApplyChangesToAssetFolders: 0.357ms
	Scan: 3.601ms
	Collect global state as custom dependencies: 2.684ms
	ProcessAssetsWithTransientArtifactChanges: 6.217ms
	CategorizeAssets: 45.112ms
	CompileScripts: 836.713ms
	ImportOutOfDateAssets: 1637.578ms (1610.365ms without children)
		CollectScriptTypesHashes: 1.540ms
		ReloadNativeAssets: 0.916ms
		UnloadImportedAssets: 0.177ms
		EnsureUptoDateAssetsAreRegisteredWithGuidPM: 0.476ms
		ImportSchedulerStart: 25.619ms
	PostProcessAllAssets: 25.480ms
		MonoPostProcessAllAssets: 25.474ms
			UniversalRenderPipelineGlobalSettingsPostprocessor.OnPostprocessAllAssets 8.569ms
			SyncVS.PostprocessSyncProject 2.650ms
			WindowAssetPostprocessingWatcher.OnPostprocessAllAssets 1.744ms
			SpeedTree9Postprocessor.OnPostprocessAllAssets 1.646ms
			EditModeScopePostprocessor.OnPostprocessAllAssets 0.824ms
			RenderPipelineGlobalSettingsPostprocessor.OnPostprocessAllAssets 0.714ms
			ProjectSettingsPostprocessor.OnPostprocessAllAssets 0.706ms
			ShaderReflectionAssetPostProcessor.OnPostprocessAllAssets 0.299ms
			InputActionAssetPostprocessor.OnPostprocessAllAssets 0.237ms
			ReferencedClipsPostProcessor.OnPostprocessAllAssets 0.216ms
			AssetDatabaseCallbacks.OnPostprocessAllAssets 0.134ms
			TerrainToolbarOverlayPostProcessor.OnPostprocessAllAssets 0.132ms
			AssetPostprocessor.OnPostprocessAllAssets 0.079ms
			AssetChangedListener.OnPostprocessAllAssets 0.063ms
			ShaderGraphAssetPostProcessor.OnPostprocessAllAssets 0.051ms
	GatherAllCurrentPrimaryImportResultRevisions: 0.270ms
	PersistCurrentRevisions: 0.098ms
	GenerateScriptTypeHashes: 2.433ms
	GenerateScriptTypeSerializationHashes: 4.414ms
	Untracked: 1233.992ms

[Licensing::Client] Successfully resolved entitlement details
[Licensing::Client] Successfully resolved entitlement details
Asset Pipeline Refresh (id=3bc29bdef9fcef64781c3e18928d3f85): Total: 0.023 seconds - Initiated by RefreshV2(AllowForceSynchronousImport)
Loaded scene 'Library/Unused/9e7d52d1bf4ae5e4d916d86684e59af4'
	Deserialize:            3.642 ms
	Integration:            34.808 ms
	Integration of assets:  0.001 ms
	Thread Wait Time:       0.014 ms
	Total Operation Time:   38.466 ms
Unloading 21 Unused Serialized files (Serialized files now loaded: 0)
Unloading 175 unused Assets / (120.2 KB). Loaded Objects now: 9705.
Memory consumption went from 0.63 GB to 0.63 GB.
Total: 13.429100 ms (FindLiveObjects: 0.614600 ms CreateObjectMapping: 0.242500 ms MarkObjects: 11.843500 ms  DeleteObjects: 0.726400 ms)

Launched and connected shader compiler UnityShaderCompiler.exe after 0.01 seconds
Launched and connected shader compiler UnityShaderCompiler.exe after 0.01 seconds
Unloading 7 Unused Serialized files (Serialized files now loaded: 0)
Unloading 6 unused Assets / (67.6 KB). Loaded Objects now: 9493.
Memory consumption went from 0.64 GB to 0.64 GB.
Total: 11.409000 ms (FindLiveObjects: 0.569400 ms CreateObjectMapping: 0.216800 ms MarkObjects: 10.558100 ms  DeleteObjects: 0.063500 ms)

Asset Pipeline Refresh (id=ae40fa81efff8eb409c265c48d9e4d2b): Total: 0.007 seconds - Initiated by RefreshV2(AllowForceSynchronousImport)
Asset Pipeline Refresh (id=d9a1f3464b410744c836bb1e49fc13fb): Total: 0.005 seconds - Initiated by RefreshV2(NoUpdateAssetOptions)
Asset Pipeline Refresh (id=c396f6f0dd6cba74b90af6d6074fd828): Total: 0.005 seconds - Initiated by RefreshV2(AllowForceSynchronousImport)
Loaded scene 'Library/Unused/2dede50e4a04c394ea9b6c211de0687f'
	Deserialize:            3.206 ms
	Integration:            0.538 ms
	Integration of assets:  0.003 ms
	Thread Wait Time:       0.025 ms
	Total Operation Time:   3.772 ms
Unloading 3 Unused Serialized files (Serialized files now loaded: 0)
Unloading 20 unused Assets / (21.5 KB). Loaded Objects now: 9841.
Memory consumption went from 0.70 GB to 0.70 GB.
Total: 13.514900 ms (FindLiveObjects: 0.568700 ms CreateObjectMapping: 0.218200 ms MarkObjects: 12.591900 ms  DeleteObjects: 0.134800 ms)

Unloading 19 Unused Serialized files (Serialized files now loaded: 0)
Unloading 3 unused Assets / (62.4 KB). Loaded Objects now: 9649.
Memory consumption went from 0.68 GB to 0.68 GB.
Total: 12.393400 ms (FindLiveObjects: 0.471700 ms CreateObjectMapping: 0.220000 ms MarkObjects: 11.627400 ms  DeleteObjects: 0.073400 ms)

Reloading assemblies for play mode.
Reloading assemblies after forced synchronous recompile.
[Licensing::Client] Successfully resolved entitlement details
Begin MonoManager ReloadAssembly
Symbol file LoadedFromMemory is not a mono symbol file
Native extension for WindowsStandalone target not found
ScheduleIndexationOnStartup MainProcess:True IndexOnStartup:True
[MODES] ModeService[none].Initialize
[MODES] ModeService[none].LoadModes
Mono: successfully reloaded assembly
- Finished resetting the current domain, in  1.522 seconds
Domain Reload Profiling: 2377ms
	BeginReloadAssembly (638ms)
		DisableScriptedObjects (93ms)
		CreateAndSetChildDomain (400ms)
	RebuildCommonClasses (7ms)
	RebuildNativeTypeToScriptingClass (12ms)
	initialDomainReloadingComplete (52ms)
	LoadAllAssembliesAndSetupDomain (146ms)
		LoadAssemblies (103ms)
		AnalyzeDomain (31ms)
			TypeCache.Refresh (6ms)
			ResolveRequiredComponents (21ms)
	FinalizeReload (1523ms)
		SetupLoadedEditorAssemblies (0ms)
			BeforeProcessingInitializeOnLoad (73ms)
			ProcessInitializeOnLoadAttributes (381ms)
			ProcessInitializeOnLoadMethodAttributes (138ms)
			AfterProcessingInitializeOnLoad (6ms)
		AwakeInstancesAfterBackupRestoration (487ms)

Asset Pipeline Refresh (id=2647f5594ff2bd3448629fdf820791ea): Total: 2.581 seconds - Initiated by StopAssetImportingV2(ForceSynchronousImport | ForceDomainReload)
	(Values over 0.05ms)
	Summary:
		Imports: total=0 (actual=0, local cache=0, cache server=0)
		Asset DB Process Time: managed=0 ms, native=1651 ms
		Asset DB Callback time: managed=26 ms, native=0 ms
		Scripting: domain reloads=1, domain reload time=900 ms, compile time=2 ms, other=0 ms
		Project Asset Count: scripts=1405, non-scripts=2496
		Asset File Changes: new=0, changed=0, moved=0, deleted=0
		Scan Filter Count: 0
	InvokePackagesCallback: 1.615ms
	ApplyChangesToAssetFolders: 0.344ms
	Collect global state as custom dependencies: 2.576ms
	ProcessAssetsWithTransientArtifactChanges: 0.243ms
	CategorizeAssets: 43.390ms
	CompileScripts: 1.906ms
	ImportOutOfDateAssets: 1567.773ms (1536.867ms without children)
		CollectScriptTypesHashes: 0.885ms
		ReloadNativeAssets: 1.268ms
		UnloadImportedAssets: 0.222ms
		EnsureUptoDateAssetsAreRegisteredWithGuidPM: 0.556ms
		ImportSchedulerStart: 28.826ms
	PostProcessAllAssets: 26.327ms
		MonoPostProcessAllAssets: 26.320ms
			UniversalRenderPipelineGlobalSettingsPostprocessor.OnPostprocessAllAssets 8.572ms
			SyncVS.PostprocessSyncProject 3.052ms
			SpeedTree9Postprocessor.OnPostprocessAllAssets 1.700ms
			WindowAssetPostprocessingWatcher.OnPostprocessAllAssets 1.692ms
			ProjectSettingsPostprocessor.OnPostprocessAllAssets 0.868ms
			RenderPipelineGlobalSettingsPostprocessor.OnPostprocessAllAssets 0.762ms
			InputActionAssetPostprocessor.OnPostprocessAllAssets 0.370ms
			ShaderReflectionAssetPostProcessor.OnPostprocessAllAssets 0.311ms
			ReferencedClipsPostProcessor.OnPostprocessAllAssets 0.305ms
			AssetDatabaseCallbacks.OnPostprocessAllAssets 0.275ms
			EditModeScopePostprocessor.OnPostprocessAllAssets 0.250ms
			TerrainToolbarOverlayPostProcessor.OnPostprocessAllAssets 0.186ms
			AssetPostprocessor.OnPostprocessAllAssets 0.079ms
			AssetChangedListener.OnPostprocessAllAssets 0.063ms
			ShaderGraphAssetPostProcessor.OnPostprocessAllAssets 0.051ms
	GatherAllCurrentPrimaryImportResultRevisions: 0.241ms
	UnloadStreamsBegin: 1.957ms
	PersistCurrentRevisions: 0.113ms
	GenerateScriptTypeHashes: 2.978ms
	GenerateScriptTypeSerializationHashes: 5.197ms
	Untracked: 928.867ms

Loaded scene 'Temp/__Backupscenes/0.backup'
	Deserialize:            2.868 ms
	Integration:            449.995 ms
	Integration of assets:  0.003 ms
	Thread Wait Time:       0.015 ms
	Total Operation Time:   452.882 ms
Player has a null starting module.
UnityEngine.Debug:ExtractStackTraceNoAlloc (byte*,int,string)
UnityEngine.StackTraceUtility:ExtractStackTrace ()
UnityEngine.DebugLogHandler:Internal_Log (UnityEngine.LogType,UnityEngine.LogOption,string,UnityEngine.Object)
UnityEngine.DebugLogHandler:LogFormat (UnityEngine.LogType,UnityEngine.Object,string,object[])
UnityEngine.Logger:Log (UnityEngine.LogType,object)
UnityEngine.Debug:LogWarning (object)
ArchOS.Player:LoadStartingModules () (at Assets/_ArchOS/Scripts/Player.cs:53)
ArchOS.Player:Start () (at Assets/_ArchOS/Scripts/Player.cs:44)

(Filename: Assets/_ArchOS/Scripts/Player.cs Line: 53)

Player has a null starting module.
UnityEngine.Debug:ExtractStackTraceNoAlloc (byte*,int,string)
UnityEngine.StackTraceUtility:ExtractStackTrace ()
UnityEngine.DebugLogHandler:Internal_Log (UnityEngine.LogType,UnityEngine.LogOption,string,UnityEngine.Object)
UnityEngine.DebugLogHandler:LogFormat (UnityEngine.LogType,UnityEngine.Object,string,object[])
UnityEngine.Logger:Log (UnityEngine.LogType,object)
UnityEngine.Debug:LogWarning (object)
ArchOS.Player:LoadStartingModules () (at Assets/_ArchOS/Scripts/Player.cs:53)
ArchOS.Player:Start () (at Assets/_ArchOS/Scripts/Player.cs:44)

(Filename: Assets/_ArchOS/Scripts/Player.cs Line: 53)

[Licensing::Client] Successfully resolved entitlement details
[Licensing::Client] Successfully resolved entitlement details
Unloading 3 Unused Serialized files (Serialized files now loaded: 0)
Loaded scene 'Temp/__Backupscenes/0.backup'
	Deserialize:            2.244 ms
	Integration:            182.431 ms
	Integration of assets:  0.004 ms
	Thread Wait Time:       0.027 ms
	Total Operation Time:   184.706 ms
Unloading 262 unused Assets / (253.4 KB). Loaded Objects now: 9260.
Memory consumption went from 0.63 GB to 0.63 GB.
Total: 18.743900 ms (FindLiveObjects: 0.540000 ms CreateObjectMapping: 0.232000 ms MarkObjects: 17.245300 ms  DeleteObjects: 0.723700 ms)

[Licensing::Client] Successfully resolved entitlement details
Reloading assemblies for play mode.
Reloading assemblies after forced synchronous recompile.
Begin MonoManager ReloadAssembly
Symbol file LoadedFromMemory is not a mono symbol file
Native extension for WindowsStandalone target not found
ScheduleIndexationOnStartup MainProcess:True IndexOnStartup:True
[MODES] ModeService[none].Initialize
[MODES] ModeService[none].LoadModes
Mono: successfully reloaded assembly
- Finished resetting the current domain, in  1.672 seconds
Domain Reload Profiling: 2574ms
	BeginReloadAssembly (660ms)
		DisableScriptedObjects (65ms)
		CreateAndSetChildDomain (445ms)
	RebuildCommonClasses (9ms)
	RebuildNativeTypeToScriptingClass (13ms)
	initialDomainReloadingComplete (58ms)
	LoadAllAssembliesAndSetupDomain (160ms)
		LoadAssemblies (121ms)
		AnalyzeDomain (32ms)
			TypeCache.Refresh (7ms)
			ResolveRequiredComponents (22ms)
	FinalizeReload (1673ms)
		SetupLoadedEditorAssemblies (0ms)
			BeforeProcessingInitializeOnLoad (82ms)
			ProcessInitializeOnLoadAttributes (420ms)
			ProcessInitializeOnLoadMethodAttributes (138ms)
			AfterProcessingInitializeOnLoad (6ms)
		AwakeInstancesAfterBackupRestoration (527ms)

Asset Pipeline Refresh (id=8bf4d261e46ff0e48adf8bc5d5762e8e): Total: 2.780 seconds - Initiated by StopAssetImportingV2(ForceSynchronousImport | ForceDomainReload)
	(Values over 0.05ms)
	Summary:
		Imports: total=0 (actual=0, local cache=0, cache server=0)
		Asset DB Process Time: managed=0 ms, native=1803 ms
		Asset DB Callback time: managed=26 ms, native=0 ms
		Scripting: domain reloads=1, domain reload time=948 ms, compile time=2 ms, other=0 ms
		Project Asset Count: scripts=1405, non-scripts=2496
		Asset File Changes: new=0, changed=0, moved=0, deleted=0
		Scan Filter Count: 0
	InvokePackagesCallback: 1.739ms
	ApplyChangesToAssetFolders: 0.385ms
	Collect global state as custom dependencies: 2.858ms
	ProcessAssetsWithTransientArtifactChanges: 0.242ms
	CategorizeAssets: 47.391ms
	CompileScripts: 1.890ms
	ImportOutOfDateAssets: 1711.679ms (1686.816ms without children)
		CollectScriptTypesHashes: 0.678ms
		ReloadNativeAssets: 1.147ms
		UnloadImportedAssets: 0.267ms
		EnsureUptoDateAssetsAreRegisteredWithGuidPM: 0.518ms
		ImportSchedulerStart: 22.908ms
	PostProcessAllAssets: 26.783ms
		MonoPostProcessAllAssets: 26.778ms
			UniversalRenderPipelineGlobalSettingsPostprocessor.OnPostprocessAllAssets 8.828ms
			SyncVS.PostprocessSyncProject 3.393ms
			WindowAssetPostprocessingWatcher.OnPostprocessAllAssets 1.782ms
			SpeedTree9Postprocessor.OnPostprocessAllAssets 1.751ms
			RenderPipelineGlobalSettingsPostprocessor.OnPostprocessAllAssets 0.704ms
			ProjectSettingsPostprocessor.OnPostprocessAllAssets 0.660ms
			ShaderReflectionAssetPostProcessor.OnPostprocessAllAssets 0.312ms
			InputActionAssetPostprocessor.OnPostprocessAllAssets 0.260ms
			EditModeScopePostprocessor.OnPostprocessAllAssets 0.257ms
			ReferencedClipsPostProcessor.OnPostprocessAllAssets 0.225ms
			AssetDatabaseCallbacks.OnPostprocessAllAssets 0.136ms
			TerrainToolbarOverlayPostProcessor.OnPostprocessAllAssets 0.136ms
			AssetPostprocessor.OnPostprocessAllAssets 0.079ms
			AssetChangedListener.OnPostprocessAllAssets 0.063ms
			ShaderGraphAssetPostProcessor.OnPostprocessAllAssets 0.051ms
	GatherAllCurrentPrimaryImportResultRevisions: 0.157ms
	UnloadStreamsBegin: 0.294ms
	PersistCurrentRevisions: 0.117ms
	GenerateScriptTypeHashes: 2.582ms
	GenerateScriptTypeSerializationHashes: 4.690ms
	Untracked: 979.695ms

Loaded scene 'Temp/__Backupscenes/0.backup'
	Deserialize:            2.850 ms
	Integration:            464.203 ms
	Integration of assets:  0.003 ms
	Thread Wait Time:       0.009 ms
	Total Operation Time:   467.065 ms
Player has a null starting module.
UnityEngine.Debug:ExtractStackTraceNoAlloc (byte*,int,string)
UnityEngine.StackTraceUtility:ExtractStackTrace ()
UnityEngine.DebugLogHandler:Internal_Log (UnityEngine.LogType,UnityEngine.LogOption,string,UnityEngine.Object)
UnityEngine.DebugLogHandler:LogFormat (UnityEngine.LogType,UnityEngine.Object,string,object[])
UnityEngine.Logger:Log (UnityEngine.LogType,object)
UnityEngine.Debug:LogWarning (object)
ArchOS.Player:LoadStartingModules () (at Assets/_ArchOS/Scripts/Player.cs:53)
ArchOS.Player:Start () (at Assets/_ArchOS/Scripts/Player.cs:44)

(Filename: Assets/_ArchOS/Scripts/Player.cs Line: 53)

Player has a null starting module.
UnityEngine.Debug:ExtractStackTraceNoAlloc (byte*,int,string)
UnityEngine.StackTraceUtility:ExtractStackTrace ()
UnityEngine.DebugLogHandler:Internal_Log (UnityEngine.LogType,UnityEngine.LogOption,string,UnityEngine.Object)
UnityEngine.DebugLogHandler:LogFormat (UnityEngine.LogType,UnityEngine.Object,string,object[])
UnityEngine.Logger:Log (UnityEngine.LogType,object)
UnityEngine.Debug:LogWarning (object)
ArchOS.Player:LoadStartingModules () (at Assets/_ArchOS/Scripts/Player.cs:53)
ArchOS.Player:Start () (at Assets/_ArchOS/Scripts/Player.cs:44)

(Filename: Assets/_ArchOS/Scripts/Player.cs Line: 53)

[Licensing::Client] Successfully resolved entitlement details
[Licensing::Client] Successfully resolved entitlement details
Unloading 3 Unused Serialized files (Serialized files now loaded: 0)
Loaded scene 'Temp/__Backupscenes/0.backup'
	Deserialize:            1.970 ms
	Integration:            173.227 ms
	Integration of assets:  0.004 ms
	Thread Wait Time:       0.020 ms
	Total Operation Time:   175.221 ms
Unloading 39 unused Assets / (235.3 KB). Loaded Objects now: 9277.
Memory consumption went from 0.66 GB to 0.66 GB.
Total: 17.988900 ms (FindLiveObjects: 0.563600 ms CreateObjectMapping: 0.212900 ms MarkObjects: 17.065100 ms  DeleteObjects: 0.145700 ms)

[Licensing::Client] Successfully resolved entitlement details
Importing 'GUID: 12910a134aa6b8b4487c7cf69fe22249 - Path: Assets/TextMesh Pro/Resources/Fonts & Materials/Rajdhani/Rajdhani-SemiBold SDF.asset' with importer (NativeFormatImporter)
Imported 'GUID: 12910a134aa6b8b4487c7cf69fe22249' -> (Import Result ID: 'c4cb45c29a6f532ff81463d9b128f857') in 0.007 seconds [static dependencies only]. Details - ImportResultOutputID=a31426828f0b82fa7763e25af765833a DependenciesID=0232cacec0bcf34df7542687a968cc03 StaticDependenciesID=e075c1877a123d7797e18c11e4d606ec 
Importing 'GUID: e3b5fdecd3c75dc48ac6c5872d9f57da - Path: Assets/_ArchOS/Data/Items/BackupDrive.asset' with importer (NativeFormatImporter)
Imported 'GUID: e3b5fdecd3c75dc48ac6c5872d9f57da' -> (Import Result ID: '8f2cde92f1b2fb968934556457138a7e') in 0.001 seconds [static dependencies only]. Details - ImportResultOutputID=fcba1ff83ea12d664fc6e2464d69b244 DependenciesID=0aafc856978f87293b29599fa4ca9b7c StaticDependenciesID=21d761f4997b77ab90c055cfece157ed 
Importing 'GUID: 27ae12a6b90cf464e82c1ae74c1ddeb3 - Path: Assets/_ArchOS/Data/Items/Hellhound.asset' with importer (NativeFormatImporter)
Imported 'GUID: 27ae12a6b90cf464e82c1ae74c1ddeb3' -> (Import Result ID: '5f21686b04312218df50538bdf59eac7') in 0.001 seconds [static dependencies only]. Details - ImportResultOutputID=4f74e043a6216240ebb8ecd3cc06b6fa DependenciesID=b46fb7d3c08fca8d7d74e3023ec2c7f8 StaticDependenciesID=d9dab6e07c26e1a6eefa96e9b9c3277c 
Asset Pipeline Refresh (id=606c0d1d0a8c2b640ac183c74f9dffc4): Total: 0.113 seconds - Initiated by StopAssetImportingV2(NoUpdateAssetOptions)
Importing 'GUID: 8a6743ab23ae93e489ace810cf90b94d - Path: Assets/Scenes/Architecture.unity' with importer (DefaultImporter)
Imported 'GUID: 8a6743ab23ae93e489ace810cf90b94d' -> (Import Result ID: 'd87240bd54aafb3d6ceac339bd4e3bf1') in 0.002 seconds [static dependencies only]. Details - ImportResultOutputID=ef1ce84a5624e3f51462de25b1745b49 DependenciesID=77e9b950979163058af29d152cb15ecd StaticDependenciesID=e2ab430ec39a325fc2c42fc55a555aaf 
Asset Pipeline Refresh (id=4c61e38287d4e9349a9fa85df46ba1ac): Total: 0.058 seconds - Initiated by StopAssetImportingV2(NoUpdateAssetOptions)
MonoPathRemapper: Attempts to remap: 112342; Successful remaps: 37890
Serialized file version minimum: 22, current 23
[LAYOUT] About to save layout C:\Users\chase\Documents\Unity\Projects\Arch.OS\UserSettings\Layouts\default-6000.dwlt
[LAYOUT] About to save layout C:/Users/chase/AppData/Roaming/Unity/Editor-5.x/Preferences\Layouts\current\default-6000.dwlt
Clearing [Rajdhani-SemiBold SDF] dynamic font asset data.
UnityEngine.Debug:ExtractStackTraceNoAlloc (byte*,int,string)
UnityEngine.StackTraceUtility:ExtractStackTrace ()
UnityEngine.DebugLogHandler:Internal_Log (UnityEngine.LogType,UnityEngine.LogOption,string,UnityEngine.Object)
UnityEngine.DebugLogHandler:LogFormat (UnityEngine.LogType,UnityEngine.Object,string,object[])
UnityEngine.Logger:Log (UnityEngine.LogType,object)
UnityEngine.Debug:Log (object)
TMPro.EditorEventCallbacks/<>c:<InitializeFontAssetResourceChangeCallBacks>b__0_0 () (at ./Library/PackageCache/com.unity.ugui@1c4864518158/Editor/TMP/TMP_EditorResourceManager.cs:36)
UnityEditor.EditorApplication:Internal_EditorApplicationQuit ()

(Filename: ./Library/PackageCache/com.unity.ugui@1c4864518158/Editor/TMP/TMP_EditorResourceManager.cs Line: 36)

Importing 'GUID: 12910a134aa6b8b4487c7cf69fe22249 - Path: Assets/TextMesh Pro/Resources/Fonts & Materials/Rajdhani/Rajdhani-SemiBold SDF.asset' with importer (NativeFormatImporter)
Imported 'GUID: 12910a134aa6b8b4487c7cf69fe22249' -> (Import Result ID: '6245f0cdf17fad1d65df52ef130b5020') in 0.002 seconds [static dependencies only]. Details - ImportResultOutputID=a31426828f0b82fa7763e25af765833a DependenciesID=e5ea8d96bd7b7e16a66b44575689ed96 StaticDependenciesID=fbeea51860f88254adf187dad5a55e8e 
Refreshing native plugins compatible for Editor in 2.73 ms, found 4 plugins.
Asset Pipeline Refresh (id=ad86e354dc7445542b3c4e56db1d8fae): Total: 0.099 seconds - Initiated by StopAssetImportingV2(NoUpdateAssetOptions)
Input System module state changed to: ShutdownInProgress.
Input Polling Thread exited.
Input System module state changed to: Shutdown.
[Physics::Module] Cleanup current backend.
[Physics::Module] Id: 0xf2b8ea05
[Licensing::IpcConnector] LicenseClient-chase-6000.5.10-notifications channel disconnected successfully.
[Licensing::IpcConnector] LicenseClient-chase-6000.5.10 channel disconnected successfully.
Shut down.
Lingering sessions upon destruction of worker manager
AcceleratorClientConnectionCallback - disconnected - :0
Cleanup mono
CodeReloadManager destroyed
debugger-agent: Unable to listen on 4504
Checking for leaked weakptr:
  Found no leaked weakptrs.
[Package Manager] Server process was shutdown
##utp:{"type":"MemoryLeaks","version":2,"phase":"Immediate","time":1788643019171,"processId":37684,"allocatedMemory":53074948,"memoryLabels":[{"Default":238147},{"Permanent":15516},{"NewDelete":76477},{"Thread":4197560},{"Manager":824357},{"VertexData":8},{"Geometry":816},{"Texture":24},{"Shader":857382},{"Material":24},{"GfxDevice":55328},{"Animation":952},{"Audio":1168},{"FreeType":5331},{"FontEngine":736},{"Physics":2146},{"Physics2D":16},{"Serialization":2328},{"Input":45280},{"JobScheduler":256},{"TextLib":50554},{"Mono":48},{"MonoCode":128},{"ScriptingNativeRuntime":1701156},{"BaseObject":1621960},{"Resource":1208},{"Renderer":3080},{"Transform":4685},{"File":51521},{"WebCam":616},{"Culling":32},{"Terrain":11442},{"Wind":24},{"STL":40},{"String":9763},{"StaticString":3808},{"Utility":2674834},{"Curl":48},{"PoolAlloc":2360},{"AI":80},{"TypeTree":532041},{"CodeReload":448},{"RuntimeInitializeOnLoadManager":64},{"Sprites":102},{"SpriteAtlas":120},{"GI":7816},{"Director":8296},{"CloudService":6920},{"WebRequest":10705},{"VR":47114},{"SceneManager":608},{"Video":208},{"LazyScriptCache":32},{"NativeArray":33092920},{"Camera":17},{"Secure":265},{"SerializationCache":1576},{"APIUpdating":10320},{"Subsystems":336},{"VirtualTexturing":57888},{"StaticSafetyDebugInfo":278528},{"Analytics":552},{"Hierarchy":1176},{"UIElements":1163680},{"CoreStats":13688},{"Identifiers":6768},{"Gui":268506},{"EditorUtility":295910},{"VersionControl":8},{"Undo":931},{"AssetDatabase":4753770},{"AssetImporter":40},{"EditorGi":328},{"UnityConnect":35345},{"Upm":1988},{"UpmDiagnostics":8},{"AssetCompliance":64},{"DrivenProperties":72},{"LocalIPC":211},{"ProfilerEditor":9746},{"CoreBusinessMetrics":3482},{"Windowing":456},{"Licensing":696},{"AssetReference":32},{"IPCStream":32}]}
